Lmod has detected the following error: The following module(s) are unknown:
"glibc/2.34-gcc-13.2.0-dtclx3b"

Please check the spelling or version number. Also try "module spider ..."
It is also possible your cache file is out-of-date; it may help to try:
  $ module --ignore_cache load "glibc/2.34-gcc-13.2.0-dtclx3b"

Also make sure that all modulefiles written in TCL start with the string
#%Module



Lmod has detected the following error: The following module(s) are unknown:
"gcc-runtime/13.2.0-gcc-13.2.0-24uno5v"

Please check the spelling or version number. Also try "module spider ..."
It is also possible your cache file is out-of-date; it may help to try:
  $ module --ignore_cache load "gcc-runtime/13.2.0-gcc-13.2.0-24uno5v"

Also make sure that all modulefiles written in TCL start with the string
#%Module



Lmod has detected the following error: The following module(s) are unknown:
"miniforge3/4.8.3-4-Linux-x86_64-gcc-13.2.0"

Please check the spelling or version number. Also try "module spider ..."
It is also possible your cache file is out-of-date; it may help to try:
  $ module --ignore_cache load "miniforge3/4.8.3-4-Linux-x86_64-gcc-13.2.0"

Also make sure that all modulefiles written in TCL start with the string
#%Module



slurmstepd: error: *** STEP 6437618.0 ON compute088 CANCELLED AT 2026-02-26T13:59:22 DUE TO TIME LIMIT ***
slurmstepd: error: *** JOB 6437618 ON compute088 CANCELLED AT 2026-02-26T13:59:22 DUE TO TIME LIMIT ***
forrtl: error (78): process killed (SIGTERM)
Image              PC                Routine            Line        Source             
libc.so.6          00007F1DE8773C30  Unknown               Unknown  Unknown
libmkl_avx2.so.2   00007F1CE7894CEC  mkl_blas_avx2_zge     Unknown  Unknown
forrtl: error (78): process killed (SIGTERM)
Image              PC                Routine            Line        Source             
libc.so.6          00007FF877F76C30  Unknown               Unknown  Unknown
libmkl_avx2.so.2   00007FF777097DD4  mkl_blas_avx2_zge     Unknown  Unknown
forrtl: error (78): process killed (SIGTERM)
Image              PC                Routine            Line        Source             
libc.so.6          00007F8D50444C30  Unknown               Unknown  Unknown
libmkl_avx2.so.2   00007F8C4F565AE6  mkl_blas_avx2_zge     Unknown  Unknown
forrtl: error (78): process killed (SIGTERM)
Image              PC                Routine            Line        Source             
libc.so.6          00007F007E13FC30  Unknown               Unknown  Unknown
libmkl_avx2.so.2   00007F00723C7B17  mkl_blas_avx2_zge     Unknown  Unknown
forrtl: error (78): process killed (SIGTERM)
Image              PC                Routine            Line        Source             
libc.so.6          00007F7B12A11C30  Unknown               Unknown  Unknown
libmkl_avx2.so.2   00007F7A11B32D1C  mkl_blas_avx2_zge     Unknown  Unknown
forrtl: error (78): process killed (SIGTERM)
Image              PC                Routine            Line        Source             
libc.so.6          00007F3D83F78C30  Unknown               Unknown  Unknown
libmkl_avx2.so.2   00007F3C83099BE6  mkl_blas_avx2_zge     Unknown  Unknown
forrtl: error (78): process killed (SIGTERM)
Image              PC                Routine            Line        Source             
libc.so.6          00007FD9A6138C30  Unknown               Unknown  Unknown
libmkl_avx2.so.2   00007FD8A5259A3D  mkl_blas_avx2_zge     Unknown  Unknown
forrtl: error (78): process killed (SIGTERM)
Image              PC                Routine            Line        Source             
libc.so.6          00007F2616383C30  Unknown               Unknown  Unknown
libmkl_avx2.so.2   00007F25154A4B5A  mkl_blas_avx2_zge     Unknown  Unknown
forrtl: error (78): process killed (SIGTERM)
Image              PC                Routine            Line        Source             
libc.so.6          00007FA1783D8C30  Unknown               Unknown  Unknown
libmkl_avx2.so.2   00007FA0774F9C3C  mkl_blas_avx2_zge     Unknown  Unknown
forrtl: error (78): process killed (SIGTERM)
Image              PC                Routine            Line        Source             
libc.so.6          00007F64DBE95C30  Unknown               Unknown  Unknown
libmkl_avx2.so.2   00007F63DAFB6C79  mkl_blas_avx2_zge     Unknown  Unknown
forrtl: error (78): process killed (SIGTERM)
Image              PC                Routine            Line        Source             
libc.so.6          00007F035D6E5C30  Unknown               Unknown  Unknown
libmkl_avx2.so.2   00007F025C806D51  mkl_blas_avx2_zge     Unknown  Unknown
forrtl: error (78): process killed (SIGTERM)
Image              PC                Routine            Line        Source             
libc.so.6          00007F7D1869BC30  Unknown               Unknown  Unknown
libmkl_avx2.so.2   00007F7C177BCC67  mkl_blas_avx2_zge     Unknown  Unknown
forrtl: error (78): process killed (SIGTERM)
Image              PC                Routine            Line        Source             
libc.so.6          00007F3752D93C30  Unknown               Unknown  Unknown
libmkl_avx2.so.2   00007F3651EB4CC8  mkl_blas_avx2_zge     Unknown  Unknown
forrtl: error (78): process killed (SIGTERM)
Image              PC                Routine            Line        Source             
libc.so.6          00007F764854FC30  Unknown               Unknown  Unknown
libmkl_avx2.so.2   00007F7547670CD2  mkl_blas_avx2_zge     Unknown  Unknown
forrtl: error (78): process killed (SIGTERM)
Image              PC                Routine            Line        Source             
libc.so.6          00007F76E7B38C30  Unknown               Unknown  Unknown
libmkl_avx2.so.2   00007F75E6C59DEE  mkl_blas_avx2_zge     Unknown  Unknown
forrtl: error (78): process killed (SIGTERM)
Image              PC                Routine            Line        Source             
libc.so.6          00007F60DFBBCC30  Unknown               Unknown  Unknown
libmkl_avx2.so.2   00007F5FDECDDB2C  mkl_blas_avx2_zge     Unknown  Unknown
forrtl: error (78): process killed (SIGTERM)
Image              PC                Routine            Line        Source             
libc.so.6          00007FA825C12C30  Unknown               Unknown  Unknown
libmkl_avx2.so.2   00007FA724D33DD4  mkl_blas_avx2_zge     Unknown  Unknown
forrtl: error (78): process killed (SIGTERM)
Image              PC                Routine            Line        Source             
libc.so.6          00007F22ACD8CC30  Unknown               Unknown  Unknown
libmkl_avx2.so.2   00007F21ABEADC25  mkl_blas_avx2_zge     Unknown  Unknown
forrtl: error (78): process killed (SIGTERM)
Image              PC                Routine            Line        Source             
libc.so.6          00007F453CD4AC30  Unknown               Unknown  Unknown
libmkl_avx2.so.2   00007F443BE6BA52  mkl_blas_avx2_zge     Unknown  Unknown
forrtl: error (78): process killed (SIGTERM)
Image              PC                Routine            Line        Source             
libc.so.6          00007F025429AC30  Unknown               Unknown  Unknown
libmkl_avx2.so.2   00007F01533BBCB1  mkl_blas_avx2_zge     Unknown  Unknown
forrtl: error (78): process killed (SIGTERM)
Image              PC                Routine            Line        Source             
libc.so.6          00007FDFEC918C30  Unknown               Unknown  Unknown
libmkl_avx2.so.2   00007FDEEBA39BE6  mkl_blas_avx2_zge     Unknown  Unknown
forrtl: error (78): process killed (SIGTERM)
Image              PC                Routine            Line        Source             
libc.so.6          00007FB029803C30  Unknown               Unknown  Unknown
libmkl_avx2.so.2   00007FAF28924CBB  mkl_blas_avx2_zge     Unknown  Unknown
forrtl: error (78): process killed (SIGTERM)
Image              PC                Routine            Line        Source             
libc.so.6          00007FD30450AC30  Unknown               Unknown  Unknown
libmkl_avx2.so.2   00007FD20362BB41  mkl_blas_avx2_zge     Unknown  Unknown
forrtl: error (78): process killed (SIGTERM)
Image              PC                Routine            Line        Source             
libc.so.6          00007F2CC5D0AC30  Unknown               Unknown  Unknown
libmkl_avx2.so.2   00007F2BC4E2BA7C  mkl_blas_avx2_zge     Unknown  Unknown
forrtl: error (78): process killed (SIGTERM)
Image              PC                Routine            Line        Source             
libc.so.6          00007FEAE5ED4C30  Unknown               Unknown  Unknown
libmkl_avx2.so.2   00007FE9E4FF5CBB  mkl_blas_avx2_zge     Unknown  Unknown
forrtl: error (78): process killed (SIGTERM)
Image              PC                Routine            Line        Source             
libc.so.6          00007F3BD4A31C30  Unknown               Unknown  Unknown
libmkl_avx2.so.2   00007F3AD3B52D94  mkl_blas_avx2_zge     Unknown  Unknown
forrtl: error (78): process killed (SIGTERM)
Image              PC                Routine            Line        Source             
libc.so.6          00007FEE09168C30  Unknown               Unknown  Unknown
libmkl_avx2.so.2   00007FED08289D4B  mkl_blas_avx2_zge     Unknown  Unknown
forrtl: error (78): process killed (SIGTERM)
Image              PC                Routine            Line        Source             
libc.so.6          00007FBDF47BBC30  Unknown               Unknown  Unknown
libmkl_avx2.so.2   00007FBCF38DCD77  mkl_blas_avx2_zge     Unknown  Unknown
forrtl: error (78): process killed (SIGTERM)
Image              PC                Routine            Line        Source             
libc.so.6          00007FF9CA539C30  Unknown               Unknown  Unknown
libmkl_avx2.so.2   00007FF8C965AC52  mkl_blas_avx2_zge     Unknown  Unknown
forrtl: error (78): process killed (SIGTERM)
Image              PC                Routine            Line        Source             
libc.so.6          00007F0FD9A1BC30  Unknown               Unknown  Unknown
libmkl_avx2.so.2   00007F0ED8B3CD58  mkl_blas_avx2_zge     Unknown  Unknown
forrtl: error (78): process killed (SIGTERM)
Image              PC                Routine            Line        Source             
libc.so.6          00007FD6CEFE5C30  Unknown               Unknown  Unknown
libmkl_avx2.so.2   00007FD5CE106DBB  mkl_blas_avx2_zge     Unknown  Unknown
forrtl: error (78): process killed (SIGTERM)
Image              PC                Routine            Line        Source             
libc.so.6          00007F595CEF0C30  Unknown               Unknown  Unknown
libmkl_avx2.so.2   00007F585C011D41  mkl_blas_avx2_zge     Unknown  Unknown
forrtl: error (78): process killed (SIGTERM)
Image              PC                Routine            Line        Source             
libc.so.6          00007F3D6236FC30  Unknown               Unknown  Unknown
libmkl_avx2.so.2   00007F3C61490D31  mkl_blas_avx2_zge     Unknown  Unknown
forrtl: error (78): process killed (SIGTERM)
Image              PC                Routine            Line        Source             
libc.so.6          00007F2950D7BC30  Unknown               Unknown  Unknown
libmkl_avx2.so.2   00007F284FE9C9F4  mkl_blas_avx2_zge     Unknown  Unknown
forrtl: error (78): process killed (SIGTERM)
Image              PC                Routine            Line        Source             
libc.so.6          00007F077EEF2C30  Unknown               Unknown  Unknown
libmkl_avx2.so.2   00007F067E013D31  mkl_blas_avx2_zge     Unknown  Unknown
forrtl: error (78): process killed (SIGTERM)
Image              PC                Routine            Line        Source             
libc.so.6          00007F8C8D4E6C30  Unknown               Unknown  Unknown
libmkl_avx2.so.2   00007F8B8C607CE2  mkl_blas_avx2_zge     Unknown  Unknown
forrtl: error (78): process killed (SIGTERM)
Image              PC                Routine            Line        Source             
libc.so.6          00007F7A4B159C30  Unknown               Unknown  Unknown
libmkl_avx2.so.2   00007F794A27AC52  mkl_blas_avx2_zge     Unknown  Unknown
forrtl: error (78): process killed (SIGTERM)
Image              PC                Routine            Line        Source             
libc.so.6          00007F0BAAFC5C30  Unknown               Unknown  Unknown
libmkl_avx2.so.2   00007F0AAA0E6D77  mkl_blas_avx2_zge     Unknown  Unknown
forrtl: error (78): process killed (SIGTERM)
Image              PC                Routine            Line        Source             
libc.so.6          00007FF861890C30  Unknown               Unknown  Unknown
libmkl_avx2.so.2   00007FF7609B1DF6  mkl_blas_avx2_zge     Unknown  Unknown
forrtl: error (78): process killed (SIGTERM)
Image              PC                Routine            Line        Source             
libc.so.6          00007F06D671DC30  Unknown               Unknown  Unknown
libmkl_avx2.so.2   00007F05D583EC7E  mkl_blas_avx2_zge     Unknown  Unknown
forrtl: error (78): process killed (SIGTERM)
Image              PC                Routine            Line        Source             
libc.so.6          00007F4550FCDC30  Unknown               Unknown  Unknown
libmkl_avx2.so.2   00007F44500EECD7  mkl_blas_avx2_zge     Unknown  Unknown
forrtl: error (78): process killed (SIGTERM)
Image              PC                Routine            Line        Source             
libc.so.6          00007F21885C2C30  Unknown               Unknown  Unknown
libmkl_avx2.so.2   00007F20876E3C3C  mkl_blas_avx2_zge     Unknown  Unknown
forrtl: error (78): process killed (SIGTERM)
Image              PC                Routine            Line        Source             
libc.so.6          00007EFC72DB7C30  Unknown               Unknown  Unknown
libmkl_avx2.so.2   00007EFB71ED8C91  mkl_blas_avx2_zge     Unknown  Unknown
forrtl: error (78): process killed (SIGTERM)
Image              PC                Routine            Line        Source             
libc.so.6          00007FB32E0C8C30  Unknown               Unknown  Unknown
libmkl_avx2.so.2   00007FB22D1E9AFE  mkl_blas_avx2_zge     Unknown  Unknown
forrtl: error (78): process killed (SIGTERM)
Image              PC                Routine            Line        Source             
libc.so.6          00007EFC13741C30  Unknown               Unknown  Unknown
libmkl_avx2.so.2   00007EFB12862B7F  mkl_blas_avx2_zge     Unknown  Unknown
forrtl: error (78): process killed (SIGTERM)
Image              PC                Routine            Line        Source             
libc.so.6          00007F6CDACDFC30  Unknown               Unknown  Unknown
libmkl_avx2.so.2   00007F6BD9E00AD2  mkl_blas_avx2_zge     Unknown  Unknown
forrtl: error (78): process killed (SIGTERM)
Image              PC                Routine            Line        Source             
libc.so.6          00007F9444309C30  Unknown               Unknown  Unknown
libmkl_avx2.so.2   00007F934342ACEC  mkl_blas_avx2_zge     Unknown  Unknown
forrtl: error (78): process killed (SIGTERM)
Image              PC                Routine            Line        Source             
libc.so.6          00007F03CDDA1C30  Unknown               Unknown  Unknown
libmkl_avx2.so.2   00007F02CCEC2B5A  mkl_blas_avx2_zge     Unknown  Unknown
forrtl: error (78): process killed (SIGTERM)
Image              PC                Routine            Line        Source             
libc.so.6          00007F5F8AD33C30  Unknown               Unknown  Unknown
libmkl_avx2.so.2   00007F5E89E54CE2  mkl_blas_avx2_zge     Unknown  Unknown
forrtl: error (78): process killed (SIGTERM)
Image              PC                Routine            Line        Source             
libc.so.6          00007F1C20BA8C30  Unknown               Unknown  Unknown
libmkl_avx2.so.2   00007F1B1FCC9CA1  mkl_blas_avx2_zge     Unknown  Unknown
forrtl: error (78): process killed (SIGTERM)
Image              PC                Routine            Line        Source             
libc.so.6          00007F22F2EC1C30  Unknown               Unknown  Unknown
libmkl_avx2.so.2   00007F21F1FE2CF6  mkl_blas_avx2_zge     Unknown  Unknown
forrtl: error (78): process killed (SIGTERM)
Image              PC                Routine            Line        Source             
libc.so.6          00007F519826AC30  Unknown               Unknown  Unknown
libmkl_avx2.so.2   00007F509738BB41  mkl_blas_avx2_zge     Unknown  Unknown
forrtl: error (78): process killed (SIGTERM)
Image              PC                Routine            Line        Source             
libc.so.6          00007F227F536C30  Unknown               Unknown  Unknown
libmkl_avx2.so.2   00007F217E657C67  mkl_blas_avx2_zge     Unknown  Unknown
forrtl: error (78): process killed (SIGTERM)
Image              PC                Routine            Line        Source             
libc.so.6          00007FB7B40D4C30  Unknown               Unknown  Unknown
libmkl_avx2.so.2   00007FB6B31F5CE7  mkl_blas_avx2_zge     Unknown  Unknown
forrtl: error (78): process killed (SIGTERM)
Image              PC                Routine            Line        Source             
libc.so.6          00007FF0D2F6DC30  Unknown               Unknown  Unknown
libmkl_avx2.so.2   00007FEFD208EDBB  mkl_blas_avx2_zge     Unknown  Unknown
forrtl: error (78): process killed (SIGTERM)
Image              PC                Routine            Line        Source             
libc.so.6          00007F07D9E36C30  Unknown               Unknown  Unknown
libmkl_avx2.so.2   00007F06D8F57A15  mkl_blas_avx2_zge     Unknown  Unknown
forrtl: error (78): process killed (SIGTERM)
Image              PC                Routine            Line        Source             
libc.so.6          00007F252A2ABC30  Unknown               Unknown  Unknown
libmkl_avx2.so.2   00007F24293CCBAB  mkl_blas_avx2_zge     Unknown  Unknown
forrtl: error (78): process killed (SIGTERM)
Image              PC                Routine            Line        Source             
libc.so.6          00007F27D5BC8C30  Unknown               Unknown  Unknown
libmkl_avx2.so.2   00007F26D4CE9CCD  mkl_blas_avx2_zge     Unknown  Unknown
forrtl: error (78): process killed (SIGTERM)
Image              PC                Routine            Line        Source             
libc.so.6          00007F576DF35C30  Unknown               Unknown  Unknown
libmkl_avx2.so.2   00007F566D056CA6  mkl_blas_avx2_zge     Unknown  Unknown
forrtl: error (78): process killed (SIGTERM)
Image              PC                Routine            Line        Source             
libc.so.6          00007F8113075C30  Unknown               Unknown  Unknown
libmkl_avx2.so.2   00007F8012196D65  mkl_blas_avx2_zge     Unknown  Unknown
forrtl: error (78): process killed (SIGTERM)
Image              PC                Routine            Line        Source             
libc.so.6          00007F2E1A0B8C30  Unknown               Unknown  Unknown
libmkl_avx2.so.2   00007F2D191D9C25  mkl_blas_avx2_zge     Unknown  Unknown
forrtl: error (78): process killed (SIGTERM)
Image              PC                Routine            Line        Source             
libc.so.6          00007FAE6CF02C30  Unknown               Unknown  Unknown
libmkl_avx2.so.2   00007FAD6C023D6A  mkl_blas_avx2_zge     Unknown  Unknown
forrtl: error (78): process killed (SIGTERM)
Image              PC                Routine            Line        Source             
libc.so.6          00007FC2A89EBC30  Unknown               Unknown  Unknown
libmkl_avx2.so.2   00007FC1A7B0CDF6  mkl_blas_avx2_zge     Unknown  Unknown
forrtl: error (78): process killed (SIGTERM)
Image              PC                Routine            Line        Source             
libc.so.6          00007F47B84ABC30  Unknown               Unknown  Unknown
libmkl_avx2.so.2   00007F46B75CCC3C  mkl_blas_avx2_zge     Unknown  Unknown
forrtl: error (78): process killed (SIGTERM)
Image              PC                Routine            Line        Source             
libc.so.6          00007FC261297C30  Unknown               Unknown  Unknown
libmkl_avx2.so.2   00007FC1603B8C35  mkl_blas_avx2_zge     Unknown  Unknown
forrtl: error (78): process killed (SIGTERM)
Image              PC                Routine            Line        Source             
libc.so.6          00007F19DC224C30  Unknown               Unknown  Unknown
libmkl_avx2.so.2   00007F18DB345D77  mkl_blas_avx2_zge     Unknown  Unknown
forrtl: error (78): process killed (SIGTERM)
Image              PC                Routine            Line        Source             
libc.so.6          00007F1DD5AF2C30  Unknown               Unknown  Unknown
libmkl_avx2.so.2   00007F1CD4C13CA1  mkl_blas_avx2_zge     Unknown  Unknown
forrtl: error (78): process killed (SIGTERM)
Image              PC                Routine            Line        Source             
libc.so.6          00007F297A8E5C30  Unknown               Unknown  Unknown
libmkl_avx2.so.2   00007F2879A06DBB  mkl_blas_avx2_zge     Unknown  Unknown
forrtl: error (78): process killed (SIGTERM)
Image              PC                Routine            Line        Source             
libc.so.6          00007F5F0931CC30  Unknown               Unknown  Unknown
libmkl_avx2.so.2   00007F5E0843DB17  mkl_blas_avx2_zge     Unknown  Unknown
forrtl: error (78): process killed (SIGTERM)
Image              PC                Routine            Line        Source             
libc.so.6          00007FA35C539C30  Unknown               Unknown  Unknown
libmkl_avx2.so.2   00007FA25B65ACCD  mkl_blas_avx2_zge     Unknown  Unknown
forrtl: error (78): process killed (SIGTERM)
Image              PC                Routine            Line        Source             
libc.so.6          00007F82C5A15C30  Unknown               Unknown  Unknown
libmkl_avx2.so.2   00007F81C4B36CA1  mkl_blas_avx2_zge     Unknown  Unknown
forrtl: error (78): process killed (SIGTERM)
Image              PC                Routine            Line        Source             
libc.so.6          00007F02DB0B4C30  Unknown               Unknown  Unknown
libmkl_avx2.so.2   00007F01DA1D5CA6  mkl_blas_avx2_zge     Unknown  Unknown
forrtl: error (78): process killed (SIGTERM)
Image              PC                Routine            Line        Source             
libc.so.6          00007F2290AC0C30  Unknown               Unknown  Unknown
libmkl_avx2.so.2   00007F218FBE1DDC  mkl_blas_avx2_zge     Unknown  Unknown
forrtl: error (78): process killed (SIGTERM)
Image              PC                Routine            Line        Source             
libc.so.6          00007F4D285A4C30  Unknown               Unknown  Unknown
libmkl_avx2.so.2   00007F4C276C5C8C  mkl_blas_avx2_zge     Unknown  Unknown
forrtl: error (78): process killed (SIGTERM)
Image              PC                Routine            Line        Source             
libc.so.6          00007FFA658FEC30  Unknown               Unknown  Unknown
libmkl_avx2.so.2   00007FF964A1FDE1  mkl_blas_avx2_zge     Unknown  Unknown
forrtl: error (78): process killed (SIGTERM)
Image              PC                Routine            Line        Source             
libc.so.6          00007F08D21AEC30  Unknown               Unknown  Unknown
libmkl_avx2.so.2   00007F07D12CFC3C  mkl_blas_avx2_zge     Unknown  Unknown
forrtl: error (78): process killed (SIGTERM)
Image              PC                Routine            Line        Source             
libc.so.6          00007FE1011D8C30  Unknown               Unknown  Unknown
libmkl_avx2.so.2   00007FE0002F9C25  mkl_blas_avx2_zge     Unknown  Unknown
forrtl: error (78): process killed (SIGTERM)
Image              PC                Routine            Line        Source             
libc.so.6          00007FBAC671FC30  Unknown               Unknown  Unknown
libmkl_avx2.so.2   00007FB9C5840DBB  mkl_blas_avx2_zge     Unknown  Unknown
forrtl: error (78): process killed (SIGTERM)
Image              PC                Routine            Line        Source             
libc.so.6          00007FA89E423C30  Unknown               Unknown  Unknown
libmkl_avx2.so.2   00007FA79D544A69  mkl_blas_avx2_zge     Unknown  Unknown
forrtl: error (78): process killed (SIGTERM)
Image              PC                Routine            Line        Source             
libc.so.6          00007F11FBEE6C30  Unknown               Unknown  Unknown
libmkl_avx2.so.2   00007F10FB007DF6  mkl_blas_avx2_zge     Unknown  Unknown
