Lmod has detected the following error: The following module(s) are unknown:
"glibc/2.34-gcc-13.2.0-dtclx3b"

Please check the spelling or version number. Also try "module spider ..."
It is also possible your cache file is out-of-date; it may help to try:
  $ module --ignore_cache load "glibc/2.34-gcc-13.2.0-dtclx3b"

Also make sure that all modulefiles written in TCL start with the string
#%Module



Lmod has detected the following error: The following module(s) are unknown:
"gcc-runtime/13.2.0-gcc-13.2.0-24uno5v"

Please check the spelling or version number. Also try "module spider ..."
It is also possible your cache file is out-of-date; it may help to try:
  $ module --ignore_cache load "gcc-runtime/13.2.0-gcc-13.2.0-24uno5v"

Also make sure that all modulefiles written in TCL start with the string
#%Module



Lmod has detected the following error: The following module(s) are unknown:
"miniforge3/4.8.3-4-Linux-x86_64-gcc-13.2.0"

Please check the spelling or version number. Also try "module spider ..."
It is also possible your cache file is out-of-date; it may help to try:
  $ module --ignore_cache load "miniforge3/4.8.3-4-Linux-x86_64-gcc-13.2.0"

Also make sure that all modulefiles written in TCL start with the string
#%Module



slurmstepd: error: *** JOB 6437339 ON compute109 CANCELLED AT 2026-02-25T11:25:48 DUE TO TIME LIMIT ***
slurmstepd: error: *** STEP 6437339.0 ON compute109 CANCELLED AT 2026-02-25T11:25:48 DUE TO TIME LIMIT ***
forrtl: error (78): process killed (SIGTERM)
Image              PC                Routine            Line        Source             
libc.so.6          00007FF1E2FA3C30  Unknown               Unknown  Unknown
libmkl_avx2.so.2   00007FF0E20C4CE2  mkl_blas_avx2_zge     Unknown  Unknown
forrtl: error (78): process killed (SIGTERM)
Image              PC                Routine            Line        Source             
libc.so.6          00007F8F3FCEEC30  Unknown               Unknown  Unknown
libmkl_avx2.so.2   00007F8E3EE0FBAB  mkl_blas_avx2_zge     Unknown  Unknown
forrtl: error (78): process killed (SIGTERM)
Image              PC                Routine            Line        Source             
libc.so.6          00007FAC40C2AC30  Unknown               Unknown  Unknown
libmkl_avx2.so.2   00007FAB3FD4BCE7  mkl_blas_avx2_zge     Unknown  Unknown
forrtl: error (78): process killed (SIGTERM)
Image              PC                Routine            Line        Source             
libc.so.6          00007FA01C6EDC30  Unknown               Unknown  Unknown
libmkl_avx2.so.2   00007F9F1B80ED0E  mkl_blas_avx2_zge     Unknown  Unknown
forrtl: error (78): process killed (SIGTERM)
Image              PC                Routine            Line        Source             
libc.so.6          00007F85D1CB6C30  Unknown               Unknown  Unknown
libmkl_avx2.so.2   00007F84D0DD7D8A  mkl_blas_avx2_zge     Unknown  Unknown
forrtl: error (78): process killed (SIGTERM)
Image              PC                Routine            Line        Source             
libc.so.6          00007FD3129EBC30  Unknown               Unknown  Unknown
libmkl_avx2.so.2   00007FD211B0CD3C  mkl_blas_avx2_zge     Unknown  Unknown
forrtl: error (78): process killed (SIGTERM)
Image              PC                Routine            Line        Source             
libc.so.6          00007FEE4554AC30  Unknown               Unknown  Unknown
libmkl_avx2.so.2   00007FED4466BC8C  mkl_blas_avx2_zge     Unknown  Unknown
forrtl: error (78): process killed (SIGTERM)
Image              PC                Routine            Line        Source             
libc.so.6          00007F68F65CFC30  Unknown               Unknown  Unknown
libmkl_avx2.so.2   00007F67F56F0C62  mkl_blas_avx2_zge     Unknown  Unknown
forrtl: error (78): process killed (SIGTERM)
Image              PC                Routine            Line        Source             
libc.so.6          00007FC4E31A7C30  Unknown               Unknown  Unknown
libmkl_avx2.so.2   00007FC3E22C8D65  mkl_blas_avx2_zge     Unknown  Unknown
forrtl: error (78): process killed (SIGTERM)
Image              PC                Routine            Line        Source             
libc.so.6          00007FD31D25EC30  Unknown               Unknown  Unknown
libmkl_avx2.so.2   00007FD21C37FBC4  mkl_blas_avx2_zge     Unknown  Unknown
forrtl: error (78): process killed (SIGTERM)
Image              PC                Routine            Line        Source             
libc.so.6          00007F736899BC30  Unknown               Unknown  Unknown
libmkl_avx2.so.2   00007F7267ABCD4B  mkl_blas_avx2_zge     Unknown  Unknown
forrtl: error (78): process killed (SIGTERM)
Image              PC                Routine            Line        Source             
libc.so.6          00007F1B4747DC30  Unknown               Unknown  Unknown
libmkl_avx2.so.2   00007F1A4659ECEC  mkl_blas_avx2_zge     Unknown  Unknown
forrtl: error (78): process killed (SIGTERM)
Image              PC                Routine            Line        Source             
libc.so.6          00007FCA775EDC30  Unknown               Unknown  Unknown
libmkl_avx2.so.2   00007FC97670EAA6  mkl_blas_avx2_zge     Unknown  Unknown
forrtl: error (78): process killed (SIGTERM)
Image              PC                Routine            Line        Source             
libc.so.6          00007FF82A0C5C30  Unknown               Unknown  Unknown
libmkl_avx2.so.2   00007FF7291E6A25  mkl_blas_avx2_zge     Unknown  Unknown
forrtl: error (78): process killed (SIGTERM)
Image              PC                Routine            Line        Source             
libc.so.6          00007FA25910EC30  Unknown               Unknown  Unknown
libmkl_avx2.so.2   00007FA15822FDA6  mkl_blas_avx2_zge     Unknown  Unknown
forrtl: error (78): process killed (SIGTERM)
Image              PC                Routine            Line        Source             
libc.so.6          00007F72AE682C30  Unknown               Unknown  Unknown
libmkl_avx2.so.2   00007F71AD7A3D31  mkl_blas_avx2_zge     Unknown  Unknown
forrtl: error (78): process killed (SIGTERM)
Image              PC                Routine            Line        Source             
libc.so.6          00007F20C52CBC30  Unknown               Unknown  Unknown
libmkl_avx2.so.2   00007F20B9553DDC  mkl_blas_avx2_zge     Unknown  Unknown
forrtl: error (78): process killed (SIGTERM)
Image              PC                Routine            Line        Source             
libc.so.6          00007F9E528F7C30  Unknown               Unknown  Unknown
libmkl_avx2.so.2   00007F9D51A18DA6  mkl_blas_avx2_zge     Unknown  Unknown
forrtl: error (78): process killed (SIGTERM)
Image              PC                Routine            Line        Source             
libc.so.6          00007F975140EC30  Unknown               Unknown  Unknown
libmkl_avx2.so.2   00007F965052FDD4  mkl_blas_avx2_zge     Unknown  Unknown
forrtl: error (78): process killed (SIGTERM)
Image              PC                Routine            Line        Source             
libc.so.6          00007FFB646A6C30  Unknown               Unknown  Unknown
libmkl_avx2.so.2   00007FFA637C7B84  mkl_blas_avx2_zge     Unknown  Unknown
forrtl: error (78): process killed (SIGTERM)
Image              PC                Routine            Line        Source             
libc.so.6          00007F9D714FDC30  Unknown               Unknown  Unknown
libmkl_avx2.so.2   00007F9C7061EDEE  mkl_blas_avx2_zge     Unknown  Unknown
forrtl: error (78): process killed (SIGTERM)
Image              PC                Routine            Line        Source             
libc.so.6          00007F76FF2B0C30  Unknown               Unknown  Unknown
libmkl_avx2.so.2   00007F75FE3D1DA6  mkl_blas_avx2_zge     Unknown  Unknown
forrtl: error (78): process killed (SIGTERM)
Image              PC                Routine            Line        Source             
libc.so.6          00007F044E05AC30  Unknown               Unknown  Unknown
libmkl_avx2.so.2   00007F034D17BC67  mkl_blas_avx2_zge     Unknown  Unknown
forrtl: error (78): process killed (SIGTERM)
Image              PC                Routine            Line        Source             
libc.so.6          00007F5D9AF40C30  Unknown               Unknown  Unknown
libmkl_avx2.so.2   00007F5C9A061DDC  mkl_blas_avx2_zge     Unknown  Unknown
forrtl: error (78): process killed (SIGTERM)
Image              PC                Routine            Line        Source             
libc.so.6          00007FEE8BB8BC30  Unknown               Unknown  Unknown
libmkl_avx2.so.2   00007FED8ACACCEC  mkl_blas_avx2_zge     Unknown  Unknown
forrtl: error (78): process killed (SIGTERM)
Image              PC                Routine            Line        Source             
libc.so.6          00007F30176E9C30  Unknown               Unknown  Unknown
libmkl_avx2.so.2   00007F2F1680AA3D  mkl_blas_avx2_zge     Unknown  Unknown
forrtl: error (78): process killed (SIGTERM)
Image              PC                Routine            Line        Source             
libc.so.6          00007F9FD2CFDC30  Unknown               Unknown  Unknown
libmkl_avx2.so.2   00007F9ED1E1EBCC  mkl_blas_avx2_zge     Unknown  Unknown
forrtl: error (78): process killed (SIGTERM)
Image              PC                Routine            Line        Source             
libc.so.6          00007FDE29DC1C30  Unknown               Unknown  Unknown
libmkl_avx2.so.2   00007FDD28EE2C62  mkl_blas_avx2_zge     Unknown  Unknown
forrtl: error (78): process killed (SIGTERM)
Image              PC                Routine            Line        Source             
libc.so.6          00007FB7FB603C30  Unknown               Unknown  Unknown
libmkl_avx2.so.2   00007FB6FA724AFE  mkl_blas_avx2_zge     Unknown  Unknown
forrtl: error (78): process killed (SIGTERM)
Image              PC                Routine            Line        Source             
libc.so.6          00007F17D74D1C30  Unknown               Unknown  Unknown
libmkl_avx2.so.2   00007F16D65F2CFE  mkl_blas_avx2_zge     Unknown  Unknown
forrtl: error (78): process killed (SIGTERM)
Image              PC                Routine            Line        Source             
libc.so.6          00007F2F398C4C30  Unknown               Unknown  Unknown
libmkl_avx2.so.2   00007F2E389E5C67  mkl_blas_avx2_zge     Unknown  Unknown
forrtl: error (78): process killed (SIGTERM)
Image              PC                Routine            Line        Source             
libc.so.6          00007F54A3459C30  Unknown               Unknown  Unknown
libmkl_avx2.so.2   00007F53A257AC7E  mkl_blas_avx2_zge     Unknown  Unknown
forrtl: error (78): process killed (SIGTERM)
Image              PC                Routine            Line        Source             
libc.so.6          00007F64C9315C30  Unknown               Unknown  Unknown
libmkl_avx2.so.2   00007F63C8436DC5  mkl_blas_avx2_zge     Unknown  Unknown
forrtl: error (78): process killed (SIGTERM)
Image              PC                Routine            Line        Source             
libc.so.6          00007F145A004C30  Unknown               Unknown  Unknown
libmkl_avx2.so.2   00007F1359125B17  mkl_blas_avx2_zge     Unknown  Unknown
forrtl: error (78): process killed (SIGTERM)
Image              PC                Routine            Line        Source             
libc.so.6          00007FB32D99EC30  Unknown               Unknown  Unknown
libmkl_avx2.so.2   00007FB22CABFA42  mkl_blas_avx2_zge     Unknown  Unknown
forrtl: error (78): process killed (SIGTERM)
Image              PC                Routine            Line        Source             
libc.so.6          00007F7508609C30  Unknown               Unknown  Unknown
libmkl_avx2.so.2   00007F740772ACA6  mkl_blas_avx2_zge     Unknown  Unknown
forrtl: error (78): process killed (SIGTERM)
Image              PC                Routine            Line        Source             
libc.so.6          00007F758242DC30  Unknown               Unknown  Unknown
libmkl_avx2.so.2   00007F748154ED3C  mkl_blas_avx2_zge     Unknown  Unknown
forrtl: error (78): process killed (SIGTERM)
Image              PC                Routine            Line        Source             
libc.so.6          00007F2B08C72C30  Unknown               Unknown  Unknown
libmkl_avx2.so.2   00007F2A07D93C67  mkl_blas_avx2_zge     Unknown  Unknown
forrtl: error (78): process killed (SIGTERM)
Image              PC                Routine            Line        Source             
libc.so.6          00007FAECFB47C30  Unknown               Unknown  Unknown
libmkl_avx2.so.2   00007FADCEC68CB6  mkl_blas_avx2_zge     Unknown  Unknown
forrtl: error (78): process killed (SIGTERM)
Image              PC                Routine            Line        Source             
libc.so.6          00007F7D38A2CC30  Unknown               Unknown  Unknown
libmkl_avx2.so.2   00007F7C37B4DC52  mkl_blas_avx2_zge     Unknown  Unknown
forrtl: error (78): process killed (SIGTERM)
Image              PC                Routine            Line        Source             
libc.so.6          00007F4A56890C30  Unknown               Unknown  Unknown
libmkl_avx2.so.2   00007F49559B1D0E  mkl_blas_avx2_zge     Unknown  Unknown
forrtl: error (78): process killed (SIGTERM)
Image              PC                Routine            Line        Source             
libc.so.6          00007F4DE41F9C30  Unknown               Unknown  Unknown
libmkl_avx2.so.2   00007F4CE331AAD2  mkl_blas_avx2_zge     Unknown  Unknown
forrtl: error (78): process killed (SIGTERM)
Image              PC                Routine            Line        Source             
libc.so.6          00007F272D714C30  Unknown               Unknown  Unknown
libmkl_avx2.so.2   00007F262C835DD4  mkl_blas_avx2_zge     Unknown  Unknown
forrtl: error (78): process killed (SIGTERM)
Image              PC                Routine            Line        Source             
libc.so.6          00007F3ECF514C30  Unknown               Unknown  Unknown
libmkl_avx2.so.2   00007F3DCE635F46  mkl_blas_avx2_zge     Unknown  Unknown
forrtl: error (78): process killed (SIGTERM)
Image              PC                Routine            Line        Source             
libc.so.6          00007EFCD1452C30  Unknown               Unknown  Unknown
libmkl_avx2.so.2   00007EFBD0573A69  mkl_blas_avx2_zge     Unknown  Unknown
forrtl: error (78): process killed (SIGTERM)
Image              PC                Routine            Line        Source             
libc.so.6          00007F800545EC30  Unknown               Unknown  Unknown
libmkl_avx2.so.2   00007F7F0457FC91  mkl_blas_avx2_zge     Unknown  Unknown
forrtl: error (78): process killed (SIGTERM)
Image              PC                Routine            Line        Source             
libc.so.6          00007F4B8279EC30  Unknown               Unknown  Unknown
libmkl_avx2.so.2   00007F4A818BFC9C  mkl_blas_avx2_zge     Unknown  Unknown
forrtl: error (78): process killed (SIGTERM)
Image              PC                Routine            Line        Source             
libc.so.6          00007F91D757AC30  Unknown               Unknown  Unknown
libmkl_avx2.so.2   00007F90D669BDEE  mkl_blas_avx2_zge     Unknown  Unknown
forrtl: error (78): process killed (SIGTERM)
Image              PC                Routine            Line        Source             
libc.so.6          00007F875B63AC30  Unknown               Unknown  Unknown
libmkl_avx2.so.2   00007F865A75BD7F  mkl_blas_avx2_zge     Unknown  Unknown
forrtl: error (78): process killed (SIGTERM)
Image              PC                Routine            Line        Source             
libc.so.6          00007FCD33558C30  Unknown               Unknown  Unknown
libmkl_avx2.so.2   00007FCC326799F4  mkl_blas_avx2_zge     Unknown  Unknown
forrtl: error (78): process killed (SIGTERM)
Image              PC                Routine            Line        Source             
libc.so.6          00007FB31AA68C30  Unknown               Unknown  Unknown
libmkl_avx2.so.2   00007FB219B89B0C  mkl_blas_avx2_zge     Unknown  Unknown
forrtl: error (78): process killed (SIGTERM)
Image              PC                Routine            Line        Source             
libc.so.6          00007F3C23755C30  Unknown               Unknown  Unknown
libmkl_avx2.so.2   00007F3B22876D7F  mkl_blas_avx2_zge     Unknown  Unknown
forrtl: error (78): process killed (SIGTERM)
Image              PC                Routine            Line        Source             
libc.so.6          00007F3096429C30  Unknown               Unknown  Unknown
libmkl_avx2.so.2   00007F2F9554ADDC  mkl_blas_avx2_zge     Unknown  Unknown
forrtl: error (78): process killed (SIGTERM)
Image              PC                Routine            Line        Source             
libc.so.6          00007F7CD3903C30  Unknown               Unknown  Unknown
libmkl_avx2.so.2   00007F7BD2A24DEE  mkl_blas_avx2_zge     Unknown  Unknown
forrtl: error (78): process killed (SIGTERM)
Image              PC                Routine            Line        Source             
libc.so.6          00007F82101D6C30  Unknown               Unknown  Unknown
libmkl_avx2.so.2   00007F810F2F7DA6  mkl_blas_avx2_zge     Unknown  Unknown
forrtl: error (78): process killed (SIGTERM)
Image              PC                Routine            Line        Source             
libc.so.6          00007F65F12FFC30  Unknown               Unknown  Unknown
libmkl_avx2.so.2   00007F64F0420D0E  mkl_blas_avx2_zge     Unknown  Unknown
forrtl: error (78): process killed (SIGTERM)
Image              PC                Routine            Line        Source             
libc.so.6          00007F494928CC30  Unknown               Unknown  Unknown
libmkl_avx2.so.2   00007F48483ADAD2  mkl_blas_avx2_zge     Unknown  Unknown
forrtl: error (78): process killed (SIGTERM)
Image              PC                Routine            Line        Source             
libc.so.6          00007FA6FBE0EC30  Unknown               Unknown  Unknown
libmkl_avx2.so.2   00007FA5FAF2FF40  mkl_blas_avx2_zge     Unknown  Unknown
forrtl: error (78): process killed (SIGTERM)
Image              PC                Routine            Line        Source             
libc.so.6          00007FA7E0452C30  Unknown               Unknown  Unknown
libmkl_avx2.so.2   00007FA6DF573CB1  mkl_blas_avx2_zge     Unknown  Unknown
forrtl: error (78): process killed (SIGTERM)
Image              PC                Routine            Line        Source             
libc.so.6          00007F67D8649C30  Unknown               Unknown  Unknown
libmkl_avx2.so.2   00007F66D776AAE1  mkl_blas_avx2_zge     Unknown  Unknown
forrtl: error (78): process killed (SIGTERM)
Image              PC                Routine            Line        Source             
libc.so.6          00007F3523D76C30  Unknown               Unknown  Unknown
libmkl_avx2.so.2   00007F3422E97DF6  mkl_blas_avx2_zge     Unknown  Unknown
forrtl: error (78): process killed (SIGTERM)
Image              PC                Routine            Line        Source             
libc.so.6          00007FD44038EC30  Unknown               Unknown  Unknown
libmkl_avx2.so.2   00007FD33F4AFCA6  mkl_blas_avx2_zge     Unknown  Unknown
forrtl: error (78): process killed (SIGTERM)
Image              PC                Routine            Line        Source             
libc.so.6          00007F406A4EBC30  Unknown               Unknown  Unknown
libmkl_avx2.so.2   00007F3F6960CC35  mkl_blas_avx2_zge     Unknown  Unknown
forrtl: error (78): process killed (SIGTERM)
Image              PC                Routine            Line        Source             
libc.so.6          00007F1D02116C30  Unknown               Unknown  Unknown
libmkl_avx2.so.2   00007F1C01237B2C  mkl_blas_avx2_zge     Unknown  Unknown
forrtl: error (78): process killed (SIGTERM)
Image              PC                Routine            Line        Source             
libc.so.6          00007F6B6F969C30  Unknown               Unknown  Unknown
libmkl_avx2.so.2   00007F6A6EA8AF35  mkl_blas_avx2_zge     Unknown  Unknown
forrtl: error (78): process killed (SIGTERM)
Image              PC                Routine            Line        Source             
libc.so.6          00007F7BC290EC30  Unknown               Unknown  Unknown
libmkl_avx2.so.2   00007F7AC1A2FDDC  mkl_blas_avx2_zge     Unknown  Unknown
forrtl: error (78): process killed (SIGTERM)
Image              PC                Routine            Line        Source             
libc.so.6          00007FBB2CCA5C30  Unknown               Unknown  Unknown
libmkl_avx2.so.2   00007FBA2BDC6CC8  mkl_blas_avx2_zge     Unknown  Unknown
forrtl: error (78): process killed (SIGTERM)
Image              PC                Routine            Line        Source             
libc.so.6          00007F3A3CF4AC30  Unknown               Unknown  Unknown
libmkl_avx2.so.2   00007F393C06BB0C  mkl_blas_avx2_zge     Unknown  Unknown
forrtl: error (78): process killed (SIGTERM)
Image              PC                Routine            Line        Source             
libc.so.6          00007F6ED9E57C30  Unknown               Unknown  Unknown
libmkl_avx2.so.2   00007F6DD8F78B17  mkl_blas_avx2_zge     Unknown  Unknown
forrtl: error (78): process killed (SIGTERM)
Image              PC                Routine            Line        Source             
libc.so.6          00007FB9E777FC30  Unknown               Unknown  Unknown
libmkl_avx2.so.2   00007FB8E68A0DBB  mkl_blas_avx2_zge     Unknown  Unknown
forrtl: error (78): process killed (SIGTERM)
Image              PC                Routine            Line        Source             
libc.so.6          00007FD3ED646C30  Unknown               Unknown  Unknown
libmkl_avx2.so.2   00007FD2EC767D5D  mkl_blas_avx2_zge     Unknown  Unknown
forrtl: error (78): process killed (SIGTERM)
Image              PC                Routine            Line        Source             
libc.so.6          00007F50D941AC30  Unknown               Unknown  Unknown
libmkl_avx2.so.2   00007F4FD853B9B6  mkl_blas_avx2_zge     Unknown  Unknown
forrtl: error (78): process killed (SIGTERM)
Image              PC                Routine            Line        Source             
libc.so.6          00007FA5793D6C30  Unknown               Unknown  Unknown
libmkl_avx2.so.2   00007FA4784F7DC5  mkl_blas_avx2_zge     Unknown  Unknown
forrtl: error (78): process killed (SIGTERM)
Image              PC                Routine            Line        Source             
libc.so.6          00007F20CA6BAC30  Unknown               Unknown  Unknown
libmkl_avx2.so.2   00007F20BE942C35  mkl_blas_avx2_zge     Unknown  Unknown
forrtl: error (78): process killed (SIGTERM)
Image              PC                Routine            Line        Source             
libc.so.6          00007F6197FD2C30  Unknown               Unknown  Unknown
libmkl_avx2.so.2   00007F60970F3C3C  mkl_blas_avx2_zge     Unknown  Unknown
forrtl: error (78): process killed (SIGTERM)
Image              PC                Routine            Line        Source             
libc.so.6          00007F7275C00C30  Unknown               Unknown  Unknown
libmkl_avx2.so.2   00007F7174D21D8F  mkl_blas_avx2_zge     Unknown  Unknown
forrtl: error (78): process killed (SIGTERM)
Image              PC                Routine            Line        Source             
libc.so.6          00007FF0CBC68C30  Unknown               Unknown  Unknown
libmkl_avx2.so.2   00007FEFCAD8A078  mkl_blas_avx2_zge     Unknown  Unknown
forrtl: error (78): process killed (SIGTERM)
Image              PC                Routine            Line        Source             
libc.so.6          00007F08EE406C30  Unknown               Unknown  Unknown
libmkl_avx2.so.2   00007F07ED527BB5  mkl_blas_avx2_zge     Unknown  Unknown
forrtl: error (78): process killed (SIGTERM)
Image              PC                Routine            Line        Source             
libc.so.6          00007F885A39BC30  Unknown               Unknown  Unknown
libmkl_avx2.so.2   00007F87594BCCFE  mkl_blas_avx2_zge     Unknown  Unknown
forrtl: error (78): process killed (SIGTERM)
Image              PC                Routine            Line        Source             
libc.so.6          00007FCAB190CC30  Unknown               Unknown  Unknown
libmkl_avx2.so.2   00007FC9B0A2DD41  mkl_blas_avx2_zge     Unknown  Unknown
