Lmod has detected the following error: The following module(s) are unknown:
"glibc/2.34-gcc-13.2.0-dtclx3b"

Please check the spelling or version number. Also try "module spider ..."
It is also possible your cache file is out-of-date; it may help to try:
  $ module --ignore_cache load "glibc/2.34-gcc-13.2.0-dtclx3b"

Also make sure that all modulefiles written in TCL start with the string
#%Module



Lmod has detected the following error: The following module(s) are unknown:
"gcc-runtime/13.2.0-gcc-13.2.0-24uno5v"

Please check the spelling or version number. Also try "module spider ..."
It is also possible your cache file is out-of-date; it may help to try:
  $ module --ignore_cache load "gcc-runtime/13.2.0-gcc-13.2.0-24uno5v"

Also make sure that all modulefiles written in TCL start with the string
#%Module



Lmod has detected the following error: The following module(s) are unknown:
"miniforge3/4.8.3-4-Linux-x86_64-gcc-13.2.0"

Please check the spelling or version number. Also try "module spider ..."
It is also possible your cache file is out-of-date; it may help to try:
  $ module --ignore_cache load "miniforge3/4.8.3-4-Linux-x86_64-gcc-13.2.0"

Also make sure that all modulefiles written in TCL start with the string
#%Module



slurmstepd: error: *** JOB 6437902 ON compute097 CANCELLED AT 2026-02-27T13:59:30 DUE TO TIME LIMIT ***
slurmstepd: error: *** STEP 6437902.0 ON compute097 CANCELLED AT 2026-02-27T13:59:30 DUE TO TIME LIMIT ***
forrtl: error (78): process killed (SIGTERM)
Image              PC                Routine            Line        Source             
libc.so.6          00007F3190633C30  Unknown               Unknown  Unknown
libmkl_avx2.so.2   00007F308F754D5D  mkl_blas_avx2_zge     Unknown  Unknown
forrtl: error (78): process killed (SIGTERM)
Image              PC                Routine            Line        Source             
libc.so.6          00007F8CA27C7C30  Unknown               Unknown  Unknown
libmkl_avx2.so.2   00007F8BA18E8AEE  mkl_blas_avx2_zge     Unknown  Unknown
forrtl: error (78): process killed (SIGTERM)
Image              PC                Routine            Line        Source             
libc.so.6          00007F39BA470C30  Unknown               Unknown  Unknown
libmkl_avx2.so.2   00007F38B9591A3D  mkl_blas_avx2_zge     Unknown  Unknown
forrtl: error (78): process killed (SIGTERM)
Image              PC                Routine            Line        Source             
libc.so.6          00007FC40DE66C30  Unknown               Unknown  Unknown
libmkl_avx2.so.2   00007FC30CF87C20  mkl_blas_avx2_zge     Unknown  Unknown
forrtl: error (78): process killed (SIGTERM)
Image              PC                Routine            Line        Source             
libc.so.6          00007F8BCFF0CC30  Unknown               Unknown  Unknown
libmkl_avx2.so.2   00007F8ACF02DCE2  mkl_blas_avx2_zge     Unknown  Unknown
forrtl: error (78): process killed (SIGTERM)
Image              PC                Routine            Line        Source             
libc.so.6          00007F67429EAC30  Unknown               Unknown  Unknown
libmkl_avx2.so.2   00007F6641B0BA25  mkl_blas_avx2_zge     Unknown  Unknown
forrtl: error (78): process killed (SIGTERM)
Image              PC                Routine            Line        Source             
libc.so.6          00007FB152443C30  Unknown               Unknown  Unknown
libmkl_avx2.so.2   00007FB051564D2C  mkl_blas_avx2_zge     Unknown  Unknown
forrtl: error (78): process killed (SIGTERM)
Image              PC                Routine            Line        Source             
libc.so.6          00007F04B34A3C30  Unknown               Unknown  Unknown
libmkl_avx2.so.2   00007F03B25C4CA6  mkl_blas_avx2_zge     Unknown  Unknown
forrtl: error (78): process killed (SIGTERM)
Image              PC                Routine            Line        Source             
libc.so.6          00007F78659B8C30  Unknown               Unknown  Unknown
libmkl_avx2.so.2   00007F7764AD9D46  mkl_blas_avx2_zge     Unknown  Unknown
forrtl: error (78): process killed (SIGTERM)
Image              PC                Routine            Line        Source             
libc.so.6          00007F699069BC30  Unknown               Unknown  Unknown
libmkl_avx2.so.2   00007F688F7BCC87  mkl_blas_avx2_zge     Unknown  Unknown
forrtl: error (78): process killed (SIGTERM)
Image              PC                Routine            Line        Source             
libc.so.6          00007F24FC581C30  Unknown               Unknown  Unknown
libmkl_avx2.so.2   00007F23FB6A2E0E  mkl_blas_avx2_zge     Unknown  Unknown
forrtl: error (78): process killed (SIGTERM)
Image              PC                Routine            Line        Source             
libc.so.6          00007FA9276FCC30  Unknown               Unknown  Unknown
libmkl_avx2.so.2   00007FA82681DDC5  mkl_blas_avx2_zge     Unknown  Unknown
forrtl: error (78): process killed (SIGTERM)
Image              PC                Routine            Line        Source             
libc.so.6          00007FEAABAF0C30  Unknown               Unknown  Unknown
libmkl_avx2.so.2   00007FE9AAC11CC8  mkl_blas_avx2_zge     Unknown  Unknown
forrtl: error (78): process killed (SIGTERM)
Image              PC                Routine            Line        Source             
libc.so.6          00007F62FAF1FC30  Unknown               Unknown  Unknown
libmkl_avx2.so.2   00007F61FA040C4D  mkl_blas_avx2_zge     Unknown  Unknown
forrtl: error (78): process killed (SIGTERM)
Image              PC                Routine            Line        Source             
libc.so.6          00007F4212A22C30  Unknown               Unknown  Unknown
libmkl_avx2.so.2   00007F4111B43A33  mkl_blas_avx2_zge     Unknown  Unknown
forrtl: error (78): process killed (SIGTERM)
Image              PC                Routine            Line        Source             
libc.so.6          00007F5B45AB2C30  Unknown               Unknown  Unknown
libmkl_avx2.so.2   00007F5A44BD3D5D  mkl_blas_avx2_zge     Unknown  Unknown
forrtl: error (78): process killed (SIGTERM)
Image              PC                Routine            Line        Source             
libc.so.6          00007FCB28B8CC30  Unknown               Unknown  Unknown
libmkl_avx2.so.2   00007FCA27CADAFE  mkl_blas_avx2_zge     Unknown  Unknown
forrtl: error (78): process killed (SIGTERM)
Image              PC                Routine            Line        Source             
libc.so.6          00007F87788DDC30  Unknown               Unknown  Unknown
libmkl_avx2.so.2   00007F86779FED36  mkl_blas_avx2_zge     Unknown  Unknown
forrtl: error (78): process killed (SIGTERM)
Image              PC                Routine            Line        Source             
libc.so.6          00007F0395160C30  Unknown               Unknown  Unknown
libmkl_avx2.so.2   00007F0294281C83  mkl_blas_avx2_zge     Unknown  Unknown
forrtl: error (78): process killed (SIGTERM)
Image              PC                Routine            Line        Source             
libc.so.6          00007FF65CEA7C30  Unknown               Unknown  Unknown
libmkl_avx2.so.2   00007FF55BFC8CA1  mkl_blas_avx2_zge     Unknown  Unknown
forrtl: error (78): process killed (SIGTERM)
Image              PC                Routine            Line        Source             
libc.so.6          00007FB9328D2C30  Unknown               Unknown  Unknown
libmkl_avx2.so.2   00007FB8319F3B7F  mkl_blas_avx2_zge     Unknown  Unknown
forrtl: error (78): process killed (SIGTERM)
Image              PC                Routine            Line        Source             
libc.so.6          00007FD976393C30  Unknown               Unknown  Unknown
libmkl_avx2.so.2   00007FD8754B4DAB  mkl_blas_avx2_zge     Unknown  Unknown
forrtl: error (78): process killed (SIGTERM)
Image              PC                Routine            Line        Source             
libc.so.6          00007F81A98B8C30  Unknown               Unknown  Unknown
libmkl_avx2.so.2   00007F80A89D9ADC  mkl_blas_avx2_zge     Unknown  Unknown
forrtl: error (78): process killed (SIGTERM)
Image              PC                Routine            Line        Source             
libc.so.6          00007FF1D9EC1C30  Unknown               Unknown  Unknown
libmkl_avx2.so.2   00007FF0D8FE2B96  mkl_blas_avx2_zge     Unknown  Unknown
forrtl: error (78): process killed (SIGTERM)
Image              PC                Routine            Line        Source             
libc.so.6          00007FE47D7A2C30  Unknown               Unknown  Unknown
libmkl_avx2.so.2   00007FE37C8C3CDD  mkl_blas_avx2_zge     Unknown  Unknown
forrtl: error (78): process killed (SIGTERM)
Image              PC                Routine            Line        Source             
libc.so.6          00007F7137EA4C30  Unknown               Unknown  Unknown
libmkl_avx2.so.2   00007F7036FC5C79  mkl_blas_avx2_zge     Unknown  Unknown
forrtl: error (78): process killed (SIGTERM)
Image              PC                Routine            Line        Source             
libc.so.6          00007F3F8F1E7C30  Unknown               Unknown  Unknown
libmkl_avx2.so.2   00007F3E8E308AAB  mkl_blas_avx2_zge     Unknown  Unknown
forrtl: error (78): process killed (SIGTERM)
Image              PC                Routine            Line        Source             
libc.so.6          00007FF33AA17C30  Unknown               Unknown  Unknown
libmkl_avx2.so.2   00007FF239B38D04  mkl_blas_avx2_zge     Unknown  Unknown
forrtl: error (78): process killed (SIGTERM)
Image              PC                Routine            Line        Source             
libc.so.6          00007F9646542C30  Unknown               Unknown  Unknown
libmkl_avx2.so.2   00007F9545663D94  mkl_blas_avx2_zge     Unknown  Unknown
forrtl: error (78): process killed (SIGTERM)
Image              PC                Routine            Line        Source             
libc.so.6          00007F5B00EA0C30  Unknown               Unknown  Unknown
libmkl_avx2.so.2   00007F59FFFC1D8F  mkl_blas_avx2_zge     Unknown  Unknown
forrtl: error (78): process killed (SIGTERM)
Image              PC                Routine            Line        Source             
libc.so.6          00007FEF51F5EC30  Unknown               Unknown  Unknown
libmkl_avx2.so.2   00007FEE5107FD77  mkl_blas_avx2_zge     Unknown  Unknown
forrtl: error (78): process killed (SIGTERM)
Image              PC                Routine            Line        Source             
libc.so.6          00007F0D83E4FC30  Unknown               Unknown  Unknown
libmkl_avx2.so.2   00007F0C82F70D2C  mkl_blas_avx2_zge     Unknown  Unknown
forrtl: error (78): process killed (SIGTERM)
Image              PC                Routine            Line        Source             
libc.so.6          00007F3DE4D96C30  Unknown               Unknown  Unknown
libmkl_avx2.so.2   00007F3CE3EB7CA6  mkl_blas_avx2_zge     Unknown  Unknown
forrtl: error (78): process killed (SIGTERM)
Image              PC                Routine            Line        Source             
libc.so.6          00007FF58F2F2C30  Unknown               Unknown  Unknown
libmkl_avx2.so.2   00007FF48E413A3D  mkl_blas_avx2_zge     Unknown  Unknown
forrtl: error (78): process killed (SIGTERM)
Image              PC                Routine            Line        Source             
libc.so.6          00007F450616AC30  Unknown               Unknown  Unknown
libmkl_avx2.so.2   00007F440528BAD2  mkl_blas_avx2_zge     Unknown  Unknown
forrtl: error (78): process killed (SIGTERM)
Image              PC                Routine            Line        Source             
libc.so.6          00007FA74161FC30  Unknown               Unknown  Unknown
libmkl_avx2.so.2   00007FA640740CF6  mkl_blas_avx2_zge     Unknown  Unknown
forrtl: error (78): process killed (SIGTERM)
Image              PC                Routine            Line        Source             
libc.so.6          00007F536599DC30  Unknown               Unknown  Unknown
libmkl_avx2.so.2   00007F5264ABED41  mkl_blas_avx2_zge     Unknown  Unknown
forrtl: error (78): process killed (SIGTERM)
Image              PC                Routine            Line        Source             
libc.so.6          00007F87BE971C30  Unknown               Unknown  Unknown
libmkl_avx2.so.2   00007F86BDA92D94  mkl_blas_avx2_zge     Unknown  Unknown
forrtl: error (78): process killed (SIGTERM)
Image              PC                Routine            Line        Source             
libc.so.6          00007FE1BFC5FC30  Unknown               Unknown  Unknown
libmkl_avx2.so.2   00007FE0BED80DC5  mkl_blas_avx2_zge     Unknown  Unknown
forrtl: error (78): process killed (SIGTERM)
Image              PC                Routine            Line        Source             
libc.so.6          00007F90D197FC30  Unknown               Unknown  Unknown
libmkl_avx2.so.2   00007F8FD0AA0DBB  mkl_blas_avx2_zge     Unknown  Unknown
forrtl: error (78): process killed (SIGTERM)
Image              PC                Routine            Line        Source             
libc.so.6          00007F9A32E0FC30  Unknown               Unknown  Unknown
libmkl_avx2.so.2   00007F9931F30D72  mkl_blas_avx2_zge     Unknown  Unknown
forrtl: error (78): process killed (SIGTERM)
Image              PC                Routine            Line        Source             
libc.so.6          00007FE1B7962C30  Unknown               Unknown  Unknown
libmkl_avx2.so.2   00007FE0B6A83ABD  mkl_blas_avx2_zge     Unknown  Unknown
forrtl: error (78): process killed (SIGTERM)
Image              PC                Routine            Line        Source             
libc.so.6          00007FBBEA2B7C30  Unknown               Unknown  Unknown
libmkl_avx2.so.2   00007FBAE93D8CCD  mkl_blas_avx2_zge     Unknown  Unknown
forrtl: error (78): process killed (SIGTERM)
Image              PC                Routine            Line        Source             
libc.so.6          00007F2B53066C30  Unknown               Unknown  Unknown
libmkl_avx2.so.2   00007F2A52187B5A  mkl_blas_avx2_zge     Unknown  Unknown
forrtl: error (78): process killed (SIGTERM)
Image              PC                Routine            Line        Source             
libc.so.6          00007F7143F29C30  Unknown               Unknown  Unknown
libmkl_avx2.so.2   00007F704304AC62  mkl_blas_avx2_zge     Unknown  Unknown
forrtl: error (78): process killed (SIGTERM)
Image              PC                Routine            Line        Source             
libc.so.6          00007F2B196C5C30  Unknown               Unknown  Unknown
libmkl_avx2.so.2   00007F2A187E6CA1  mkl_blas_avx2_zge     Unknown  Unknown
forrtl: error (78): process killed (SIGTERM)
Image              PC                Routine            Line        Source             
libc.so.6          00007F555BB56C30  Unknown               Unknown  Unknown
libmkl_avx2.so.2   00007F545AC77BE6  mkl_blas_avx2_zge     Unknown  Unknown
forrtl: error (78): process killed (SIGTERM)
Image              PC                Routine            Line        Source             
libc.so.6          00007F57387B9C30  Unknown               Unknown  Unknown
libmkl_avx2.so.2   00007F56378DAA69  mkl_blas_avx2_zge     Unknown  Unknown
forrtl: error (78): process killed (SIGTERM)
Image              PC                Routine            Line        Source             
libc.so.6          00007F3F3CC50C30  Unknown               Unknown  Unknown
libmkl_avx2.so.2   00007F3E3BD71AD2  mkl_blas_avx2_zge     Unknown  Unknown
forrtl: error (78): process killed (SIGTERM)
Image              PC                Routine            Line        Source             
libc.so.6          00007FF605702C30  Unknown               Unknown  Unknown
libmkl_avx2.so.2   00007FF504823B2C  mkl_blas_avx2_zge     Unknown  Unknown
forrtl: error (78): process killed (SIGTERM)
Image              PC                Routine            Line        Source             
libc.so.6          00007F8928AFEC30  Unknown               Unknown  Unknown
libmkl_avx2.so.2   00007F8827C1FD77  mkl_blas_avx2_zge     Unknown  Unknown
forrtl: error (78): process killed (SIGTERM)
Image              PC                Routine            Line        Source             
libc.so.6          00007F973BC52C30  Unknown               Unknown  Unknown
libmkl_avx2.so.2   00007F963AD73CDD  mkl_blas_avx2_zge     Unknown  Unknown
forrtl: error (78): process killed (SIGTERM)
Image              PC                Routine            Line        Source             
libc.so.6          00007FD09BFD6C30  Unknown               Unknown  Unknown
libmkl_avx2.so.2   00007FCF9B0F7CB1  mkl_blas_avx2_zge     Unknown  Unknown
forrtl: error (78): process killed (SIGTERM)
Image              PC                Routine            Line        Source             
libc.so.6          00007F450DE42C30  Unknown               Unknown  Unknown
libmkl_avx2.so.2   00007F440CF63CA1  mkl_blas_avx2_zge     Unknown  Unknown
forrtl: error (78): process killed (SIGTERM)
Image              PC                Routine            Line        Source             
libc.so.6          00007F0DEFEEFC30  Unknown               Unknown  Unknown
libmkl_avx2.so.2   00007F0CEF010D31  mkl_blas_avx2_zge     Unknown  Unknown
forrtl: error (78): process killed (SIGTERM)
Image              PC                Routine            Line        Source             
libc.so.6          00007F65F84FAC30  Unknown               Unknown  Unknown
libmkl_avx2.so.2   00007F64F761BCD2  mkl_blas_avx2_zge     Unknown  Unknown
forrtl: error (78): process killed (SIGTERM)
Image              PC                Routine            Line        Source             
libc.so.6          00007F729DC24C30  Unknown               Unknown  Unknown
libmkl_avx2.so.2   00007F719CD45B17  mkl_blas_avx2_zge     Unknown  Unknown
forrtl: error (78): process killed (SIGTERM)
Image              PC                Routine            Line        Source             
libc.so.6          00007FF3E9464C30  Unknown               Unknown  Unknown
libmkl_avx2.so.2   00007FF2E8585C91  mkl_blas_avx2_zge     Unknown  Unknown
forrtl: error (78): process killed (SIGTERM)
Image              PC                Routine            Line        Source             
libc.so.6          00007F2DE490AC30  Unknown               Unknown  Unknown
libmkl_avx2.so.2   00007F2CE3A2BD46  mkl_blas_avx2_zge     Unknown  Unknown
forrtl: error (78): process killed (SIGTERM)
Image              PC                Routine            Line        Source             
libc.so.6          00007F3EBD4CCC30  Unknown               Unknown  Unknown
libmkl_avx2.so.2   00007F3DBC5EDCDD  mkl_blas_avx2_zge     Unknown  Unknown
forrtl: error (78): process killed (SIGTERM)
Image              PC                Routine            Line        Source             
libc.so.6          00007F43A0D8AC30  Unknown               Unknown  Unknown
libmkl_avx2.so.2   00007F429FEABD77  mkl_blas_avx2_zge     Unknown  Unknown
forrtl: error (78): process killed (SIGTERM)
Image              PC                Routine            Line        Source             
libc.so.6          00007F8A4BECDC30  Unknown               Unknown  Unknown
libmkl_avx2.so.2   00007F894AFEEB62  mkl_blas_avx2_zge     Unknown  Unknown
forrtl: error (78): process killed (SIGTERM)
Image              PC                Routine            Line        Source             
libc.so.6          00007FB9D9F31C30  Unknown               Unknown  Unknown
libmkl_avx2.so.2   00007FB8D9052C52  mkl_blas_avx2_zge     Unknown  Unknown
forrtl: error (78): process killed (SIGTERM)
Image              PC                Routine            Line        Source             
libc.so.6          00007EFBFA104C30  Unknown               Unknown  Unknown
libmkl_avx2.so.2   00007EFAF9225AA6  mkl_blas_avx2_zge     Unknown  Unknown
forrtl: error (78): process killed (SIGTERM)
Image              PC                Routine            Line        Source             
libc.so.6          00007F48BD508C30  Unknown               Unknown  Unknown
libmkl_avx2.so.2   00007F47BC629C52  mkl_blas_avx2_zge     Unknown  Unknown
forrtl: error (78): process killed (SIGTERM)
Image              PC                Routine            Line        Source             
libc.so.6          00007FABEF6C2C30  Unknown               Unknown  Unknown
libmkl_avx2.so.2   00007FAAEE7E3C3C  mkl_blas_avx2_zge     Unknown  Unknown
forrtl: error (78): process killed (SIGTERM)
Image              PC                Routine            Line        Source             
libc.so.6          00007F59B9AB4C30  Unknown               Unknown  Unknown
libmkl_avx2.so.2   00007F58B8BD5BCC  mkl_blas_avx2_zge     Unknown  Unknown
forrtl: error (78): process killed (SIGTERM)
Image              PC                Routine            Line        Source             
libc.so.6          00007F9D8A417C30  Unknown               Unknown  Unknown
libmkl_avx2.so.2   00007F9C89538CE7  mkl_blas_avx2_zge     Unknown  Unknown
forrtl: error (78): process killed (SIGTERM)
Image              PC                Routine            Line        Source             
libc.so.6          00007EFE28EA6C30  Unknown               Unknown  Unknown
libmkl_avx2.so.2   00007EFD27FC7DBB  mkl_blas_avx2_zge     Unknown  Unknown
forrtl: error (78): process killed (SIGTERM)
Image              PC                Routine            Line        Source             
libc.so.6          00007FF95B434C30  Unknown               Unknown  Unknown
libmkl_avx2.so.2   00007FF85A555B67  mkl_blas_avx2_zge     Unknown  Unknown
forrtl: error (78): process killed (SIGTERM)
Image              PC                Routine            Line        Source             
libc.so.6          00007FCD71F67C30  Unknown               Unknown  Unknown
libmkl_avx2.so.2   00007FCC71088A3D  mkl_blas_avx2_zge     Unknown  Unknown
forrtl: error (78): process killed (SIGTERM)
Image              PC                Routine            Line        Source             
libc.so.6          00007FAC16EAEC30  Unknown               Unknown  Unknown
libmkl_avx2.so.2   00007FAB15FCFD77  mkl_blas_avx2_zge     Unknown  Unknown
forrtl: error (78): process killed (SIGTERM)
Image              PC                Routine            Line        Source             
libc.so.6          00007F91E49A9C30  Unknown               Unknown  Unknown
libmkl_avx2.so.2   00007F90E3ACAC25  mkl_blas_avx2_zge     Unknown  Unknown
forrtl: error (78): process killed (SIGTERM)
Image              PC                Routine            Line        Source             
libc.so.6          00007F6A989DFC30  Unknown               Unknown  Unknown
libmkl_avx2.so.2   00007F6997B00D7F  mkl_blas_avx2_zge     Unknown  Unknown
forrtl: error (78): process killed (SIGTERM)
Image              PC                Routine            Line        Source             
libc.so.6          00007FD6781C0C30  Unknown               Unknown  Unknown
libmkl_avx2.so.2   00007FD5772E1D2C  mkl_blas_avx2_zge     Unknown  Unknown
forrtl: error (78): process killed (SIGTERM)
Image              PC                Routine            Line        Source             
libc.so.6          00007FBF081AEC30  Unknown               Unknown  Unknown
libmkl_avx2.so.2   00007FBE072CFCB1  mkl_blas_avx2_zge     Unknown  Unknown
forrtl: error (78): process killed (SIGTERM)
Image              PC                Routine            Line        Source             
libc.so.6          00007F3B0109CC30  Unknown               Unknown  Unknown
libmkl_avx2.so.2   00007F3A001BDCC8  mkl_blas_avx2_zge     Unknown  Unknown
forrtl: error (78): process killed (SIGTERM)
Image              PC                Routine            Line        Source             
libc.so.6          00007F3239C18C30  Unknown               Unknown  Unknown
libmkl_avx2.so.2   00007F3138D39ABD  mkl_blas_avx2_zge     Unknown  Unknown
forrtl: error (78): process killed (SIGTERM)
Image              PC                Routine            Line        Source             
libc.so.6          00007F42E2AF7C30  Unknown               Unknown  Unknown
libmkl_avx2.so.2   00007F41E1C18DE1  mkl_blas_avx2_zge     Unknown  Unknown
forrtl: error (78): process killed (SIGTERM)
Image              PC                Routine            Line        Source             
libc.so.6          00007F4655CA2C30  Unknown               Unknown  Unknown
libmkl_avx2.so.2   00007F4554DC3AFE  mkl_blas_avx2_zge     Unknown  Unknown
