Lmod has detected the following error: The following module(s) are unknown:
"glibc/2.34-gcc-13.2.0-dtclx3b"

Please check the spelling or version number. Also try "module spider ..."
It is also possible your cache file is out-of-date; it may help to try:
  $ module --ignore_cache load "glibc/2.34-gcc-13.2.0-dtclx3b"

Also make sure that all modulefiles written in TCL start with the string
#%Module



Lmod has detected the following error: The following module(s) are unknown:
"gcc-runtime/13.2.0-gcc-13.2.0-24uno5v"

Please check the spelling or version number. Also try "module spider ..."
It is also possible your cache file is out-of-date; it may help to try:
  $ module --ignore_cache load "gcc-runtime/13.2.0-gcc-13.2.0-24uno5v"

Also make sure that all modulefiles written in TCL start with the string
#%Module



Lmod has detected the following error: The following module(s) are unknown:
"miniforge3/4.8.3-4-Linux-x86_64-gcc-13.2.0"

Please check the spelling or version number. Also try "module spider ..."
It is also possible your cache file is out-of-date; it may help to try:
  $ module --ignore_cache load "miniforge3/4.8.3-4-Linux-x86_64-gcc-13.2.0"

Also make sure that all modulefiles written in TCL start with the string
#%Module



slurmstepd: error: *** STEP 6438089.0 ON compute103 CANCELLED AT 2026-02-28T11:26:06 DUE TO TIME LIMIT ***
slurmstepd: error: *** JOB 6438089 ON compute103 CANCELLED AT 2026-02-28T11:26:06 DUE TO TIME LIMIT ***
forrtl: error (78): process killed (SIGTERM)
Image              PC                Routine            Line        Source             
libc.so.6          00007FEF7BD47C30  Unknown               Unknown  Unknown
libmkl_avx2.so.2   00007FEE7AE68CA1  mkl_blas_avx2_zge     Unknown  Unknown
forrtl: error (78): process killed (SIGTERM)
Image              PC                Routine            Line        Source             
libc.so.6          00007FC8E1858C30  Unknown               Unknown  Unknown
libmkl_avx2.so.2   00007FC7E0979BD1  mkl_blas_avx2_zge     Unknown  Unknown
forrtl: error (78): process killed (SIGTERM)
Image              PC                Routine            Line        Source             
libc.so.6          00007FC22A09DC30  Unknown               Unknown  Unknown
libmkl_avx2.so.2   00007FC1291BED77  mkl_blas_avx2_zge     Unknown  Unknown
forrtl: error (78): process killed (SIGTERM)
Image              PC                Routine            Line        Source             
libc.so.6          00007F8B5F7A3C30  Unknown               Unknown  Unknown
libmkl_avx2.so.2   00007F8A5E8C4ABD  mkl_blas_avx2_zge     Unknown  Unknown
forrtl: error (78): process killed (SIGTERM)
Image              PC                Routine            Line        Source             
libc.so.6          00007F93471EEC30  Unknown               Unknown  Unknown
libmkl_avx2.so.2   00007F924630FCEC  mkl_blas_avx2_zge     Unknown  Unknown
forrtl: error (78): process killed (SIGTERM)
Image              PC                Routine            Line        Source             
libc.so.6          00007FB4E4CA6C30  Unknown               Unknown  Unknown
libmkl_avx2.so.2   00007FB3E3DC7DDC  mkl_blas_avx2_zge     Unknown  Unknown
forrtl: error (78): process killed (SIGTERM)
Image              PC                Routine            Line        Source             
libc.so.6          00007F838F175C30  Unknown               Unknown  Unknown
libmkl_avx2.so.2   00007F828E296C91  mkl_blas_avx2_zge     Unknown  Unknown
forrtl: error (78): process killed (SIGTERM)
Image              PC                Routine            Line        Source             
libc.so.6          00007F457123DC30  Unknown               Unknown  Unknown
libmkl_avx2.so.2   00007F447035EC79  mkl_blas_avx2_zge     Unknown  Unknown
forrtl: error (78): process killed (SIGTERM)
Image              PC                Routine            Line        Source             
libc.so.6          00007FD3A091AC30  Unknown               Unknown  Unknown
libmkl_avx2.so.2   00007FD29FA3BD6A  mkl_blas_avx2_zge     Unknown  Unknown
forrtl: error (78): process killed (SIGTERM)
Image              PC                Routine            Line        Source             
libc.so.6          00007FD8A1F21C30  Unknown               Unknown  Unknown
libmkl_avx2.so.2   00007FD7A1042C25  mkl_blas_avx2_zge     Unknown  Unknown
forrtl: error (78): process killed (SIGTERM)
Image              PC                Routine            Line        Source             
libc.so.6          00007F5E71F7FC30  Unknown               Unknown  Unknown
libmkl_avx2.so.2   00007F5D710A0CFE  mkl_blas_avx2_zge     Unknown  Unknown
forrtl: error (78): process killed (SIGTERM)
Image              PC                Routine            Line        Source             
libc.so.6          00007F810ABABC30  Unknown               Unknown  Unknown
libmkl_avx2.so.2   00007F8009CCCD2C  mkl_blas_avx2_zge     Unknown  Unknown
forrtl: error (78): process killed (SIGTERM)
Image              PC                Routine            Line        Source             
libc.so.6          00007F02BA246C30  Unknown               Unknown  Unknown
libmkl_avx2.so.2   00007F01B9367D46  mkl_blas_avx2_zge     Unknown  Unknown
forrtl: error (78): process killed (SIGTERM)
Image              PC                Routine            Line        Source             
libc.so.6          00007F2E3EFFEC30  Unknown               Unknown  Unknown
libmkl_avx2.so.2   00007F2D3E11FC35  mkl_blas_avx2_zge     Unknown  Unknown
forrtl: error (78): process killed (SIGTERM)
Image              PC                Routine            Line        Source             
libc.so.6          00007F1F43AA1C30  Unknown               Unknown  Unknown
libmkl_avx2.so.2   00007F1E42BC2B26  mkl_blas_avx2_zge     Unknown  Unknown
forrtl: error (78): process killed (SIGTERM)
Image              PC                Routine            Line        Source             
libc.so.6          00007FAD2DA77C30  Unknown               Unknown  Unknown
libmkl_avx2.so.2   00007FAC2CB98D2C  mkl_blas_avx2_zge     Unknown  Unknown
forrtl: error (78): process killed (SIGTERM)
Image              PC                Routine            Line        Source             
libc.so.6          00007FEDE2FBFC30  Unknown               Unknown  Unknown
libmkl_avx2.so.2   00007FECE20E0AD2  mkl_blas_avx2_zge     Unknown  Unknown
forrtl: error (78): process killed (SIGTERM)
Image              PC                Routine            Line        Source             
libc.so.6          00007FAC35A79C30  Unknown               Unknown  Unknown
libmkl_avx2.so.2   00007FAB34B9AA69  mkl_blas_avx2_zge     Unknown  Unknown
forrtl: error (78): process killed (SIGTERM)
Image              PC                Routine            Line        Source             
libc.so.6          00007FBE1D8F4C30  Unknown               Unknown  Unknown
libmkl_avx2.so.2   00007FBD1CA15A10  mkl_blas_avx2_zge     Unknown  Unknown
forrtl: error (78): process killed (SIGTERM)
Image              PC                Routine            Line        Source             
libc.so.6          00007F7C11B43C30  Unknown               Unknown  Unknown
libmkl_avx2.so.2   00007F7B10C64D46  mkl_blas_avx2_zge     Unknown  Unknown
forrtl: error (78): process killed (SIGTERM)
Image              PC                Routine            Line        Source             
libc.so.6          00007F2C2B275C30  Unknown               Unknown  Unknown
libmkl_avx2.so.2   00007F2B2A396BCC  mkl_blas_avx2_zge     Unknown  Unknown
forrtl: error (78): process killed (SIGTERM)
Image              PC                Routine            Line        Source             
libc.so.6          00007EFC065B0C30  Unknown               Unknown  Unknown
libmkl_avx2.so.2   00007EFB056D1D15  mkl_blas_avx2_zge     Unknown  Unknown
forrtl: error (78): process killed (SIGTERM)
Image              PC                Routine            Line        Source             
libc.so.6          00007F4945F9EC30  Unknown               Unknown  Unknown
libmkl_avx2.so.2   00007F48450BFA38  mkl_blas_avx2_zge     Unknown  Unknown
forrtl: error (78): process killed (SIGTERM)
Image              PC                Routine            Line        Source             
libc.so.6          00007F2171A22C30  Unknown               Unknown  Unknown
libmkl_avx2.so.2   00007F2070B43DEE  mkl_blas_avx2_zge     Unknown  Unknown
forrtl: error (78): process killed (SIGTERM)
Image              PC                Routine            Line        Source             
libc.so.6          00007F214FB51C30  Unknown               Unknown  Unknown
libmkl_avx2.so.2   00007F204EC72DF6  mkl_blas_avx2_zge     Unknown  Unknown
forrtl: error (78): process killed (SIGTERM)
Image              PC                Routine            Line        Source             
libc.so.6          00007F2E9DE29C30  Unknown               Unknown  Unknown
libmkl_avx2.so.2   00007F2D9CF4AD77  mkl_blas_avx2_zge     Unknown  Unknown
forrtl: error (78): process killed (SIGTERM)
Image              PC                Routine            Line        Source             
libc.so.6          00007F9A5315DC30  Unknown               Unknown  Unknown
libmkl_avx2.so.2   00007F995227EAE6  mkl_blas_avx2_zge     Unknown  Unknown
forrtl: error (78): process killed (SIGTERM)
Image              PC                Routine            Line        Source             
libc.so.6          00007F0A4E650C30  Unknown               Unknown  Unknown
libmkl_avx2.so.2   00007F094D771D46  mkl_blas_avx2_zge     Unknown  Unknown
forrtl: error (78): process killed (SIGTERM)
Image              PC                Routine            Line        Source             
libc.so.6          00007F537D67DC30  Unknown               Unknown  Unknown
libmkl_avx2.so.2   00007F527C79EA91  mkl_blas_avx2_zge     Unknown  Unknown
forrtl: error (78): process killed (SIGTERM)
Image              PC                Routine            Line        Source             
libc.so.6          00007F7CC16C5C30  Unknown               Unknown  Unknown
libmkl_avx2.so.2   00007F7BC07E6CE2  mkl_blas_avx2_zge     Unknown  Unknown
forrtl: error (78): process killed (SIGTERM)
Image              PC                Routine            Line        Source             
libc.so.6          00007F25BAEB0C30  Unknown               Unknown  Unknown
libmkl_avx2.so.2   00007F24B9FD1DE1  mkl_blas_avx2_zge     Unknown  Unknown
forrtl: error (78): process killed (SIGTERM)
Image              PC                Routine            Line        Source             
libc.so.6          00007F574E81EC30  Unknown               Unknown  Unknown
libmkl_avx2.so.2   00007F564D93FB67  mkl_blas_avx2_zge     Unknown  Unknown
forrtl: error (78): process killed (SIGTERM)
Image              PC                Routine            Line        Source             
libc.so.6          00007FD94D50CC30  Unknown               Unknown  Unknown
libmkl_avx2.so.2   00007FD84C62DB26  mkl_blas_avx2_zge     Unknown  Unknown
forrtl: error (78): process killed (SIGTERM)
Image              PC                Routine            Line        Source             
libc.so.6          00007F0E04352C30  Unknown               Unknown  Unknown
libmkl_avx2.so.2   00007F0D03473C52  mkl_blas_avx2_zge     Unknown  Unknown
forrtl: error (78): process killed (SIGTERM)
Image              PC                Routine            Line        Source             
libc.so.6          00007F42D8633C30  Unknown               Unknown  Unknown
libmkl_avx2.so.2   00007F41D7754C67  mkl_blas_avx2_zge     Unknown  Unknown
forrtl: error (78): process killed (SIGTERM)
Image              PC                Routine            Line        Source             
libc.so.6          00007F2330771C30  Unknown               Unknown  Unknown
libmkl_avx2.so.2   00007F222F892D36  mkl_blas_avx2_zge     Unknown  Unknown
forrtl: error (78): process killed (SIGTERM)
Image              PC                Routine            Line        Source             
libc.so.6          00007F010C695C30  Unknown               Unknown  Unknown
libmkl_avx2.so.2   00007F000B7B6C62  mkl_blas_avx2_zge     Unknown  Unknown
forrtl: error (78): process killed (SIGTERM)
Image              PC                Routine            Line        Source             
libc.so.6          00007F4A1FAEDC30  Unknown               Unknown  Unknown
libmkl_avx2.so.2   00007F491EC0ED7F  mkl_blas_avx2_zge     Unknown  Unknown
forrtl: error (78): process killed (SIGTERM)
Image              PC                Routine            Line        Source             
libc.so.6          00007F9E0A2BEC30  Unknown               Unknown  Unknown
libmkl_avx2.so.2   00007F9D093DFCB1  mkl_blas_avx2_zge     Unknown  Unknown
forrtl: error (78): process killed (SIGTERM)
Image              PC                Routine            Line        Source             
libc.so.6          00007F8A4D1BFC30  Unknown               Unknown  Unknown
libmkl_avx2.so.2   00007F894C2E0B48  mkl_blas_avx2_zge     Unknown  Unknown
forrtl: error (78): process killed (SIGTERM)
Image              PC                Routine            Line        Source             
libc.so.6          00007F9269A14C30  Unknown               Unknown  Unknown
libmkl_avx2.so.2   00007F9168B35B5A  mkl_blas_avx2_zge     Unknown  Unknown
forrtl: error (78): process killed (SIGTERM)
Image              PC                Routine            Line        Source             
libc.so.6          00007F071E0ADC30  Unknown               Unknown  Unknown
libmkl_avx2.so.2   00007F061D1CED77  mkl_blas_avx2_zge     Unknown  Unknown
forrtl: error (78): process killed (SIGTERM)
Image              PC                Routine            Line        Source             
libc.so.6          00007FF23C85CC30  Unknown               Unknown  Unknown
libmkl_avx2.so.2   00007FF13B97DC67  mkl_blas_avx2_zge     Unknown  Unknown
forrtl: error (78): process killed (SIGTERM)
Image              PC                Routine            Line        Source             
libc.so.6          00007FEFD7DFEC30  Unknown               Unknown  Unknown
libmkl_avx2.so.2   00007FEED6F1FA81  mkl_blas_avx2_zge     Unknown  Unknown
forrtl: error (78): process killed (SIGTERM)
Image              PC                Routine            Line        Source             
libc.so.6          00007EFCD5E85C30  Unknown               Unknown  Unknown
libmkl_avx2.so.2   00007EFBD4FA6CEC  mkl_blas_avx2_zge     Unknown  Unknown
forrtl: error (78): process killed (SIGTERM)
Image              PC                Routine            Line        Source             
libc.so.6          00007F7B8AD08C30  Unknown               Unknown  Unknown
libmkl_avx2.so.2   00007F7A89E29D4B  mkl_blas_avx2_zge     Unknown  Unknown
forrtl: error (78): process killed (SIGTERM)
Image              PC                Routine            Line        Source             
libc.so.6          00007F387820BC30  Unknown               Unknown  Unknown
libmkl_avx2.so.2   00007F377732CD1C  mkl_blas_avx2_zge     Unknown  Unknown
forrtl: error (78): process killed (SIGTERM)
Image              PC                Routine            Line        Source             
libc.so.6          00007F89A5144C30  Unknown               Unknown  Unknown
libmkl_avx2.so.2   00007F88A4265ACD  mkl_blas_avx2_zge     Unknown  Unknown
forrtl: error (78): process killed (SIGTERM)
Image              PC                Routine            Line        Source             
libc.so.6          00007F7942180C30  Unknown               Unknown  Unknown
libmkl_avx2.so.2   00007F78412A1CBB  mkl_blas_avx2_zge     Unknown  Unknown
forrtl: error (78): process killed (SIGTERM)
Image              PC                Routine            Line        Source             
libc.so.6          00007F7B95DFFC30  Unknown               Unknown  Unknown
libmkl_avx2.so.2   00007F7A94F20DA6  mkl_blas_avx2_zge     Unknown  Unknown
forrtl: error (78): process killed (SIGTERM)
Image              PC                Routine            Line        Source             
libc.so.6          00007FCABE1C3C30  Unknown               Unknown  Unknown
libmkl_avx2.so.2   00007FC9BD2E4A10  mkl_blas_avx2_zge     Unknown  Unknown
forrtl: error (78): process killed (SIGTERM)
Image              PC                Routine            Line        Source             
libc.so.6          00007F2EB3820C30  Unknown               Unknown  Unknown
libmkl_avx2.so.2   00007F2DB2941EFB  mkl_blas_avx2_zge     Unknown  Unknown
forrtl: error (78): process killed (SIGTERM)
Image              PC                Routine            Line        Source             
libc.so.6          00007FE7E207AC30  Unknown               Unknown  Unknown
libmkl_avx2.so.2   00007FE6E119BC9C  mkl_blas_avx2_zge     Unknown  Unknown
forrtl: error (78): process killed (SIGTERM)
Image              PC                Routine            Line        Source             
libc.so.6          00007F9D585F3C30  Unknown               Unknown  Unknown
libmkl_avx2.so.2   00007F9C57714BE6  mkl_blas_avx2_zge     Unknown  Unknown
forrtl: error (78): process killed (SIGTERM)
Image              PC                Routine            Line        Source             
libc.so.6          00007FABFCCF8C30  Unknown               Unknown  Unknown
libmkl_avx2.so.2   00007FAAFBE19A69  mkl_blas_avx2_zge     Unknown  Unknown
forrtl: error (78): process killed (SIGTERM)
Image              PC                Routine            Line        Source             
libc.so.6          00007F30AA3D5C30  Unknown               Unknown  Unknown
libmkl_avx2.so.2   00007F2FA94F6C79  mkl_blas_avx2_zge     Unknown  Unknown
forrtl: error (78): process killed (SIGTERM)
Image              PC                Routine            Line        Source             
libc.so.6          00007FD4B8904C30  Unknown               Unknown  Unknown
libmkl_avx2.so.2   00007FD3B7A25BA0  mkl_blas_avx2_zge     Unknown  Unknown
forrtl: error (78): process killed (SIGTERM)
Image              PC                Routine            Line        Source             
libc.so.6          00007F2F55520C30  Unknown               Unknown  Unknown
libmkl_avx2.so.2   00007F2E54641D1C  mkl_blas_avx2_zge     Unknown  Unknown
forrtl: error (78): process killed (SIGTERM)
Image              PC                Routine            Line        Source             
libc.so.6          00007F46433FCC30  Unknown               Unknown  Unknown
libmkl_avx2.so.2   00007F454251DCFE  mkl_blas_avx2_zge     Unknown  Unknown
forrtl: error (78): process killed (SIGTERM)
Image              PC                Routine            Line        Source             
libc.so.6          00007F2661396C30  Unknown               Unknown  Unknown
libmkl_avx2.so.2   00007F25604B7D27  mkl_blas_avx2_zge     Unknown  Unknown
forrtl: error (78): process killed (SIGTERM)
Image              PC                Routine            Line        Source             
libc.so.6          00007FFBE3D2EC30  Unknown               Unknown  Unknown
libmkl_avx2.so.2   00007FFAE2E4FCD7  mkl_blas_avx2_zge     Unknown  Unknown
forrtl: error (78): process killed (SIGTERM)
Image              PC                Routine            Line        Source             
libc.so.6          00007F785EFE2C30  Unknown               Unknown  Unknown
libmkl_avx2.so.2   00007F775E103CE2  mkl_blas_avx2_zge     Unknown  Unknown
forrtl: error (78): process killed (SIGTERM)
Image              PC                Routine            Line        Source             
libc.so.6          00007F62BAF18C30  Unknown               Unknown  Unknown
libmkl_avx2.so.2   00007F61BA039AD2  mkl_blas_avx2_zge     Unknown  Unknown
forrtl: error (78): process killed (SIGTERM)
Image              PC                Routine            Line        Source             
libc.so.6          00007F2721755C30  Unknown               Unknown  Unknown
libmkl_avx2.so.2   00007F2620876CF6  mkl_blas_avx2_zge     Unknown  Unknown
forrtl: error (78): process killed (SIGTERM)
Image              PC                Routine            Line        Source             
libc.so.6          00007FB9DB013C30  Unknown               Unknown  Unknown
libmkl_avx2.so.2   00007FB8DA134D85  mkl_blas_avx2_zge     Unknown  Unknown
forrtl: error (78): process killed (SIGTERM)
Image              PC                Routine            Line        Source             
libc.so.6          00007F9186AE2C30  Unknown               Unknown  Unknown
libmkl_avx2.so.2   00007F9085C03B0C  mkl_blas_avx2_zge     Unknown  Unknown
forrtl: error (78): process killed (SIGTERM)
Image              PC                Routine            Line        Source             
libc.so.6          00007F992D138C30  Unknown               Unknown  Unknown
libmkl_avx2.so.2   00007F982C259D5D  mkl_blas_avx2_zge     Unknown  Unknown
forrtl: error (78): process killed (SIGTERM)
Image              PC                Routine            Line        Source             
libc.so.6          00007F4532A67C30  Unknown               Unknown  Unknown
libmkl_avx2.so.2   00007F4431B88D2C  mkl_blas_avx2_zge     Unknown  Unknown
forrtl: error (78): process killed (SIGTERM)
Image              PC                Routine            Line        Source             
libc.so.6          00007F9990399C30  Unknown               Unknown  Unknown
libmkl_avx2.so.2   00007F988F4BAD8F  mkl_blas_avx2_zge     Unknown  Unknown
forrtl: error (78): process killed (SIGTERM)
Image              PC                Routine            Line        Source             
libc.so.6          00007F60DE50CC30  Unknown               Unknown  Unknown
libmkl_avx2.so.2   00007F5FDD62DDCF  mkl_blas_avx2_zge     Unknown  Unknown
forrtl: error (78): process killed (SIGTERM)
Image              PC                Routine            Line        Source             
libc.so.6          00007F5EDEEAFC30  Unknown               Unknown  Unknown
libmkl_avx2.so.2   00007F5DDDFD0C20  mkl_blas_avx2_zge     Unknown  Unknown
forrtl: error (78): process killed (SIGTERM)
Image              PC                Routine            Line        Source             
libc.so.6          00007FFB81802C30  Unknown               Unknown  Unknown
libmkl_avx2.so.2   00007FFA80923CC8  mkl_blas_avx2_zge     Unknown  Unknown
forrtl: error (78): process killed (SIGTERM)
Image              PC                Routine            Line        Source             
libc.so.6          00007F04BD1FDC30  Unknown               Unknown  Unknown
libmkl_avx2.so.2   00007F03BC31ED0E  mkl_blas_avx2_zge     Unknown  Unknown
forrtl: error (78): process killed (SIGTERM)
Image              PC                Routine            Line        Source             
libc.so.6          00007FB1C41C5C30  Unknown               Unknown  Unknown
libmkl_avx2.so.2   00007FB0C32E6CA6  mkl_blas_avx2_zge     Unknown  Unknown
forrtl: error (78): process killed (SIGTERM)
Image              PC                Routine            Line        Source             
libc.so.6          00007FFABC2D9C30  Unknown               Unknown  Unknown
libmkl_avx2.so.2   00007FF9BB3FAA73  mkl_blas_avx2_zge     Unknown  Unknown
forrtl: error (78): process killed (SIGTERM)
Image              PC                Routine            Line        Source             
libc.so.6          00007FC8C8312C30  Unknown               Unknown  Unknown
libmkl_avx2.so.2   00007FC7C7433D4B  mkl_blas_avx2_zge     Unknown  Unknown
forrtl: error (78): process killed (SIGTERM)
Image              PC                Routine            Line        Source             
libc.so.6          00007F39393F3C30  Unknown               Unknown  Unknown
libmkl_avx2.so.2   00007F3838514AD2  mkl_blas_avx2_zge     Unknown  Unknown
forrtl: error (78): process killed (SIGTERM)
Image              PC                Routine            Line        Source             
libc.so.6          00007F63E6AF0C30  Unknown               Unknown  Unknown
libmkl_avx2.so.2   00007F62E5C11D46  mkl_blas_avx2_zge     Unknown  Unknown
forrtl: error (78): process killed (SIGTERM)
Image              PC                Routine            Line        Source             
libc.so.6          00007FAD6AA9EC30  Unknown               Unknown  Unknown
libmkl_avx2.so.2   00007FAC69BBFB9B  mkl_blas_avx2_zge     Unknown  Unknown
forrtl: error (78): process killed (SIGTERM)
Image              PC                Routine            Line        Source             
libc.so.6          00007FA46D6ABC30  Unknown               Unknown  Unknown
libmkl_avx2.so.2   00007FA36C7CCBDE  mkl_blas_avx2_zge     Unknown  Unknown
