Lmod has detected the following error: The following module(s) are unknown:
"glibc/2.34-gcc-13.2.0-dtclx3b"

Please check the spelling or version number. Also try "module spider ..."
It is also possible your cache file is out-of-date; it may help to try:
  $ module --ignore_cache load "glibc/2.34-gcc-13.2.0-dtclx3b"

Also make sure that all modulefiles written in TCL start with the string
#%Module



Lmod has detected the following error: The following module(s) are unknown:
"gcc-runtime/13.2.0-gcc-13.2.0-24uno5v"

Please check the spelling or version number. Also try "module spider ..."
It is also possible your cache file is out-of-date; it may help to try:
  $ module --ignore_cache load "gcc-runtime/13.2.0-gcc-13.2.0-24uno5v"

Also make sure that all modulefiles written in TCL start with the string
#%Module



Lmod has detected the following error: The following module(s) are unknown:
"miniforge3/4.8.3-4-Linux-x86_64-gcc-13.2.0"

Please check the spelling or version number. Also try "module spider ..."
It is also possible your cache file is out-of-date; it may help to try:
  $ module --ignore_cache load "miniforge3/4.8.3-4-Linux-x86_64-gcc-13.2.0"

Also make sure that all modulefiles written in TCL start with the string
#%Module



slurmstepd: error: *** JOB 6438734 ON compute089 CANCELLED AT 2026-03-02T13:59:58 DUE TO TIME LIMIT ***
slurmstepd: error: *** STEP 6438734.0 ON compute089 CANCELLED AT 2026-03-02T13:59:58 DUE TO TIME LIMIT ***
forrtl: error (78): process killed (SIGTERM)
Image              PC                Routine            Line        Source             
libc.so.6          00007F5EEDD37C30  Unknown               Unknown  Unknown
libmkl_avx2.so.2   00007F5DECE58C79  mkl_blas_avx2_zge     Unknown  Unknown
forrtl: error (78): process killed (SIGTERM)
Image              PC                Routine            Line        Source             
libc.so.6          00007F24E0848C30  Unknown               Unknown  Unknown
libmkl_avx2.so.2   00007F23DF969C25  mkl_blas_avx2_zge     Unknown  Unknown
forrtl: error (78): process killed (SIGTERM)
Image              PC                Routine            Line        Source             
libc.so.6          00007FA9D3631C30  Unknown               Unknown  Unknown
libmkl_avx2.so.2   00007FA8D2752DC0  mkl_blas_avx2_zge     Unknown  Unknown
forrtl: error (78): process killed (SIGTERM)
Image              PC                Routine            Line        Source             
libc.so.6          00007F580F9E1C30  Unknown               Unknown  Unknown
libmkl_avx2.so.2   00007F570EB02DF6  mkl_blas_avx2_zge     Unknown  Unknown
forrtl: error (78): process killed (SIGTERM)
Image              PC                Routine            Line        Source             
libc.so.6          00007F8A5F769C30  Unknown               Unknown  Unknown
libmkl_avx2.so.2   00007F895E88ADE1  mkl_blas_avx2_zge     Unknown  Unknown
forrtl: error (78): process killed (SIGTERM)
Image              PC                Routine            Line        Source             
libc.so.6          00007F599029EC30  Unknown               Unknown  Unknown
libmkl_avx2.so.2   00007F588F3BFB55  mkl_blas_avx2_zge     Unknown  Unknown
forrtl: error (78): process killed (SIGTERM)
Image              PC                Routine            Line        Source             
libc.so.6          00007F5E373EFC30  Unknown               Unknown  Unknown
libmkl_avx2.so.2   00007F5D36510B41  mkl_blas_avx2_zge     Unknown  Unknown
forrtl: error (78): process killed (SIGTERM)
Image              PC                Routine            Line        Source             
libc.so.6          00007FEB64ED7C30  Unknown               Unknown  Unknown
libmkl_avx2.so.2   00007FEA63FF8BCC  mkl_blas_avx2_zge     Unknown  Unknown
forrtl: error (78): process killed (SIGTERM)
Image              PC                Routine            Line        Source             
libc.so.6          00007FD4212FDC30  Unknown               Unknown  Unknown
libmkl_avx2.so.2   00007FD32041EAE6  mkl_blas_avx2_zge     Unknown  Unknown
forrtl: error (78): process killed (SIGTERM)
Image              PC                Routine            Line        Source             
libc.so.6          00007F55334D8C30  Unknown               Unknown  Unknown
libmkl_avx2.so.2   00007F54325F9D8F  mkl_blas_avx2_zge     Unknown  Unknown
forrtl: error (78): process killed (SIGTERM)
Image              PC                Routine            Line        Source             
libc.so.6          00007FCB87B9BC30  Unknown               Unknown  Unknown
libmkl_avx2.so.2   00007FCA86CBCCB6  mkl_blas_avx2_zge     Unknown  Unknown
forrtl: error (78): process killed (SIGTERM)
Image              PC                Routine            Line        Source             
libc.so.6          00007F77535B5C30  Unknown               Unknown  Unknown
libmkl_avx2.so.2   00007F76526D6C35  mkl_blas_avx2_zge     Unknown  Unknown
forrtl: error (78): process killed (SIGTERM)
Image              PC                Routine            Line        Source             
libc.so.6          00007F55059C7C30  Unknown               Unknown  Unknown
libmkl_avx2.so.2   00007F5404AE8B84  mkl_blas_avx2_zge     Unknown  Unknown
forrtl: error (78): process killed (SIGTERM)
Image              PC                Routine            Line        Source             
libc.so.6          00007F42F344CC30  Unknown               Unknown  Unknown
libmkl_avx2.so.2   00007F41F2572799  mkl_blas_avx2_zge     Unknown  Unknown
forrtl: error (78): process killed (SIGTERM)
Image              PC                Routine            Line        Source             
libc.so.6          00007F6A9D492C30  Unknown               Unknown  Unknown
libmkl_avx2.so.2   00007F699C5B3D1C  mkl_blas_avx2_zge     Unknown  Unknown
forrtl: error (78): process killed (SIGTERM)
Image              PC                Routine            Line        Source             
libc.so.6          00007F6CB1192C30  Unknown               Unknown  Unknown
libmkl_avx2.so.2   00007F6BB02B3AF4  mkl_blas_avx2_zge     Unknown  Unknown
forrtl: error (78): process killed (SIGTERM)
Image              PC                Routine            Line        Source             
libc.so.6          00007FE5A80ADC30  Unknown               Unknown  Unknown
libmkl_avx2.so.2   00007FE4A71CED04  mkl_blas_avx2_zge     Unknown  Unknown
forrtl: error (78): process killed (SIGTERM)
Image              PC                Routine            Line        Source             
libc.so.6          00007F080A16BC30  Unknown               Unknown  Unknown
libmkl_avx2.so.2   00007F070928CC79  mkl_blas_avx2_zge     Unknown  Unknown
forrtl: error (78): process killed (SIGTERM)
Image              PC                Routine            Line        Source             
libc.so.6          00007FA82B5D1C30  Unknown               Unknown  Unknown
libmkl_avx2.so.2   00007FA72A6F2DB6  mkl_blas_avx2_zge     Unknown  Unknown
forrtl: error (78): process killed (SIGTERM)
Image              PC                Routine            Line        Source             
libc.so.6          00007F8358E35C30  Unknown               Unknown  Unknown
libmkl_avx2.so.2   00007F8257F56DDC  mkl_blas_avx2_zge     Unknown  Unknown
forrtl: error (78): process killed (SIGTERM)
Image              PC                Routine            Line        Source             
libc.so.6          00007F5EF32D5C30  Unknown               Unknown  Unknown
libmkl_avx2.so.2   00007F5DF23F6F1F  mkl_blas_avx2_zge     Unknown  Unknown
forrtl: error (78): process killed (SIGTERM)
Image              PC                Routine            Line        Source             
libc.so.6          00007F8F37B33C30  Unknown               Unknown  Unknown
libmkl_avx2.so.2   00007F8E36C54C3C  mkl_blas_avx2_zge     Unknown  Unknown
forrtl: error (78): process killed (SIGTERM)
Image              PC                Routine            Line        Source             
libc.so.6          00007FC21D017C30  Unknown               Unknown  Unknown
libmkl_avx2.so.2   00007FC11C138C62  mkl_blas_avx2_zge     Unknown  Unknown
forrtl: error (78): process killed (SIGTERM)
Image              PC                Routine            Line        Source             
libc.so.6          00007FE53AD1EC30  Unknown               Unknown  Unknown
libmkl_avx2.so.2   00007FE439E3FBF7  mkl_blas_avx2_zge     Unknown  Unknown
forrtl: error (78): process killed (SIGTERM)
Image              PC                Routine            Line        Source             
libc.so.6          00007F829DEC5C30  Unknown               Unknown  Unknown
libmkl_avx2.so.2   00007F819CFE6CEC  mkl_blas_avx2_zge     Unknown  Unknown
forrtl: error (78): process killed (SIGTERM)
Image              PC                Routine            Line        Source             
libc.so.6          00007F9078FD0C30  Unknown               Unknown  Unknown
libmkl_avx2.so.2   00007F8F780F1B17  mkl_blas_avx2_zge     Unknown  Unknown
forrtl: error (78): process killed (SIGTERM)
Image              PC                Routine            Line        Source             
libc.so.6          00007FAE0F872C30  Unknown               Unknown  Unknown
libmkl_avx2.so.2   00007FAD0E993DDC  mkl_blas_avx2_zge     Unknown  Unknown
forrtl: error (78): process killed (SIGTERM)
Image              PC                Routine            Line        Source             
libc.so.6          00007F09C691DC30  Unknown               Unknown  Unknown
libmkl_avx2.so.2   00007F08C5A3ED4B  mkl_blas_avx2_zge     Unknown  Unknown
forrtl: error (78): process killed (SIGTERM)
Image              PC                Routine            Line        Source             
libc.so.6          00007F15B7337C30  Unknown               Unknown  Unknown
libmkl_avx2.so.2   00007F14B6458C79  mkl_blas_avx2_zge     Unknown  Unknown
forrtl: error (78): process killed (SIGTERM)
Image              PC                Routine            Line        Source             
libc.so.6          00007F964EAE5C30  Unknown               Unknown  Unknown
libmkl_avx2.so.2   00007F954DC06CA1  mkl_blas_avx2_zge     Unknown  Unknown
forrtl: error (78): process killed (SIGTERM)
Image              PC                Routine            Line        Source             
libc.so.6          00007F639E092C30  Unknown               Unknown  Unknown
libmkl_avx2.so.2   00007F629D1B3BB0  mkl_blas_avx2_zge     Unknown  Unknown
forrtl: error (78): process killed (SIGTERM)
Image              PC                Routine            Line        Source             
libc.so.6          00007F6EC5260C30  Unknown               Unknown  Unknown
libmkl_avx2.so.2   00007F6DC4381C8C  mkl_blas_avx2_zge     Unknown  Unknown
forrtl: error (78): process killed (SIGTERM)
Image              PC                Routine            Line        Source             
libc.so.6          00007FB0E16E5C30  Unknown               Unknown  Unknown
libmkl_avx2.so.2   00007FAFE0806D04  mkl_blas_avx2_zge     Unknown  Unknown
forrtl: error (78): process killed (SIGTERM)
Image              PC                Routine            Line        Source             
libc.so.6          00007EFFB04C9C30  Unknown               Unknown  Unknown
libmkl_avx2.so.2   00007EFEAF5EACA1  mkl_blas_avx2_zge     Unknown  Unknown
forrtl: error (78): process killed (SIGTERM)
Image              PC                Routine            Line        Source             
libc.so.6          00007FF9DC021C30  Unknown               Unknown  Unknown
libmkl_avx2.so.2   00007FF8DB142C79  mkl_blas_avx2_zge     Unknown  Unknown
forrtl: error (78): process killed (SIGTERM)
Image              PC                Routine            Line        Source             
libc.so.6          00007F538A78AC30  Unknown               Unknown  Unknown
libmkl_avx2.so.2   00007F52898ABD77  mkl_blas_avx2_zge     Unknown  Unknown
forrtl: error (78): process killed (SIGTERM)
Image              PC                Routine            Line        Source             
libc.so.6          00007FA908B76C30  Unknown               Unknown  Unknown
libmkl_avx2.so.2   00007FA807C97B2C  mkl_blas_avx2_zge     Unknown  Unknown
forrtl: error (78): process killed (SIGTERM)
Image              PC                Routine            Line        Source             
libc.so.6          00007F7DAD4DCC30  Unknown               Unknown  Unknown
libmkl_avx2.so.2   00007F7CAC5FDCD7  mkl_blas_avx2_zge     Unknown  Unknown
forrtl: error (78): process killed (SIGTERM)
Image              PC                Routine            Line        Source             
libc.so.6          00007F24561F7C30  Unknown               Unknown  Unknown
libmkl_avx2.so.2   00007F2355318CEC  mkl_blas_avx2_zge     Unknown  Unknown
forrtl: error (78): process killed (SIGTERM)
Image              PC                Routine            Line        Source             
libc.so.6          00007F44AB2C1C30  Unknown               Unknown  Unknown
libmkl_avx2.so.2   00007F43AA3E2D41  mkl_blas_avx2_zge     Unknown  Unknown
forrtl: error (78): process killed (SIGTERM)
Image              PC                Routine            Line        Source             
libc.so.6          00007F9A989F6C30  Unknown               Unknown  Unknown
libmkl_avx2.so.2   00007F9997B17DA6  mkl_blas_avx2_zge     Unknown  Unknown
forrtl: error (78): process killed (SIGTERM)
Image              PC                Routine            Line        Source             
libc.so.6          00007FED02310C30  Unknown               Unknown  Unknown
libmkl_avx2.so.2   00007FEC01431D4B  mkl_blas_avx2_zge     Unknown  Unknown
forrtl: error (78): process killed (SIGTERM)
Image              PC                Routine            Line        Source             
libc.so.6          00007FEF8DAC5C30  Unknown               Unknown  Unknown
libmkl_avx2.so.2   00007FEE8CBE6DAB  mkl_blas_avx2_zge     Unknown  Unknown
forrtl: error (78): process killed (SIGTERM)
Image              PC                Routine            Line        Source             
libc.so.6          00007F32A422EC30  Unknown               Unknown  Unknown
libmkl_avx2.so.2   00007F31A334FDA6  mkl_blas_avx2_zge     Unknown  Unknown
forrtl: error (78): process killed (SIGTERM)
Image              PC                Routine            Line        Source             
libc.so.6          00007FC485570C30  Unknown               Unknown  Unknown
libmkl_avx2.so.2   00007FC384691D5D  mkl_blas_avx2_zge     Unknown  Unknown
forrtl: error (78): process killed (SIGTERM)
Image              PC                Routine            Line        Source             
libc.so.6          00007F76C5034C30  Unknown               Unknown  Unknown
libmkl_avx2.so.2   00007F75C4155D77  mkl_blas_avx2_zge     Unknown  Unknown
forrtl: error (78): process killed (SIGTERM)
Image              PC                Routine            Line        Source             
libc.so.6          00007F1E210EDC30  Unknown               Unknown  Unknown
libmkl_avx2.so.2   00007F1D2020ECAC  mkl_blas_avx2_zge     Unknown  Unknown
forrtl: error (78): process killed (SIGTERM)
Image              PC                Routine            Line        Source             
libc.so.6          00007F451C5A8C30  Unknown               Unknown  Unknown
libmkl_avx2.so.2   00007F441B6C9C62  mkl_blas_avx2_zge     Unknown  Unknown
forrtl: error (78): process killed (SIGTERM)
Image              PC                Routine            Line        Source             
libc.so.6          00007F73F8839C30  Unknown               Unknown  Unknown
libmkl_avx2.so.2   00007F72F795AA64  mkl_blas_avx2_zge     Unknown  Unknown
forrtl: error (78): process killed (SIGTERM)
Image              PC                Routine            Line        Source             
libc.so.6          00007F51E5996C30  Unknown               Unknown  Unknown
libmkl_avx2.so.2   00007F50E4AB7C35  mkl_blas_avx2_zge     Unknown  Unknown
forrtl: error (78): process killed (SIGTERM)
Image              PC                Routine            Line        Source             
libc.so.6          00007FF53AD24C30  Unknown               Unknown  Unknown
libmkl_avx2.so.2   00007FF439E45CDD  mkl_blas_avx2_zge     Unknown  Unknown
forrtl: error (78): process killed (SIGTERM)
Image              PC                Routine            Line        Source             
libc.so.6          00007F794B9EBC30  Unknown               Unknown  Unknown
libmkl_avx2.so.2   00007F784AB0CAD2  mkl_blas_avx2_zge     Unknown  Unknown
forrtl: error (78): process killed (SIGTERM)
Image              PC                Routine            Line        Source             
libc.so.6          00007F6C3CE4FC30  Unknown               Unknown  Unknown
libmkl_avx2.so.2   00007F6B3BF70BF7  mkl_blas_avx2_zge     Unknown  Unknown
forrtl: error (78): process killed (SIGTERM)
Image              PC                Routine            Line        Source             
libc.so.6          00007F67241C4C30  Unknown               Unknown  Unknown
libmkl_avx2.so.2   00007F66232E5D51  mkl_blas_avx2_zge     Unknown  Unknown
forrtl: error (78): process killed (SIGTERM)
Image              PC                Routine            Line        Source             
libc.so.6          00007FC396F08C30  Unknown               Unknown  Unknown
libmkl_avx2.so.2   00007FC296029CDD  mkl_blas_avx2_zge     Unknown  Unknown
forrtl: error (78): process killed (SIGTERM)
Image              PC                Routine            Line        Source             
libc.so.6          00007F6A0A190C30  Unknown               Unknown  Unknown
libmkl_avx2.so.2   00007F69092B1C8C  mkl_blas_avx2_zge     Unknown  Unknown
forrtl: error (78): process killed (SIGTERM)
Image              PC                Routine            Line        Source             
libc.so.6          00007FD7EECADC30  Unknown               Unknown  Unknown
libmkl_avx2.so.2   00007FD6EDDCEC7E  mkl_blas_avx2_zge     Unknown  Unknown
forrtl: error (78): process killed (SIGTERM)
Image              PC                Routine            Line        Source             
libc.so.6          00007F658C95FC30  Unknown               Unknown  Unknown
libmkl_avx2.so.2   00007F648BA80D04  mkl_blas_avx2_zge     Unknown  Unknown
forrtl: error (78): process killed (SIGTERM)
Image              PC                Routine            Line        Source             
libc.so.6          00007F9F142A8C30  Unknown               Unknown  Unknown
libmkl_avx2.so.2   00007F9E133C9D51  mkl_blas_avx2_zge     Unknown  Unknown
forrtl: error (78): process killed (SIGTERM)
Image              PC                Routine            Line        Source             
libc.so.6          00007FF6AEDD2C30  Unknown               Unknown  Unknown
libmkl_avx2.so.2   00007FF5ADEF3B84  mkl_blas_avx2_zge     Unknown  Unknown
forrtl: error (78): process killed (SIGTERM)
Image              PC                Routine            Line        Source             
libc.so.6          00007F805AC08C30  Unknown               Unknown  Unknown
libmkl_avx2.so.2   00007F7F59D29DEE  mkl_blas_avx2_zge     Unknown  Unknown
forrtl: error (78): process killed (SIGTERM)
Image              PC                Routine            Line        Source             
libc.so.6          00007FF04C6ADC30  Unknown               Unknown  Unknown
libmkl_avx2.so.2   00007FEF4B7CEBF7  mkl_blas_avx2_zge     Unknown  Unknown
forrtl: error (78): process killed (SIGTERM)
Image              PC                Routine            Line        Source             
libc.so.6          00007FAEE4828C30  Unknown               Unknown  Unknown
libmkl_avx2.so.2   00007FADE3949ADC  mkl_blas_avx2_zge     Unknown  Unknown
forrtl: error (78): process killed (SIGTERM)
Image              PC                Routine            Line        Source             
libc.so.6          00007FAC13059C30  Unknown               Unknown  Unknown
libmkl_avx2.so.2   00007FAB1217ABF7  mkl_blas_avx2_zge     Unknown  Unknown
forrtl: error (78): process killed (SIGTERM)
Image              PC                Routine            Line        Source             
libc.so.6          00007FCB95817C30  Unknown               Unknown  Unknown
libmkl_avx2.so.2   00007FCA94938D5D  mkl_blas_avx2_zge     Unknown  Unknown
forrtl: error (78): process killed (SIGTERM)
Image              PC                Routine            Line        Source             
libc.so.6          00007F1989ED2C30  Unknown               Unknown  Unknown
libmkl_avx2.so.2   00007F1888FF3CB1  mkl_blas_avx2_zge     Unknown  Unknown
forrtl: error (78): process killed (SIGTERM)
Image              PC                Routine            Line        Source             
libc.so.6          00007F9360804C30  Unknown               Unknown  Unknown
libmkl_avx2.so.2   00007F925F92A72D  mkl_blas_avx2_zge     Unknown  Unknown
forrtl: error (78): process killed (SIGTERM)
Image              PC                Routine            Line        Source             
libc.so.6          00007F46042BCC30  Unknown               Unknown  Unknown
libmkl_avx2.so.2   00007F45033DDD15  mkl_blas_avx2_zge     Unknown  Unknown
forrtl: error (78): process killed (SIGTERM)
Image              PC                Routine            Line        Source             
libc.so.6          00007FA0DC84CC30  Unknown               Unknown  Unknown
libmkl_avx2.so.2   00007F9FDB96DC67  mkl_blas_avx2_zge     Unknown  Unknown
forrtl: error (78): process killed (SIGTERM)
Image              PC                Routine            Line        Source             
libc.so.6          00007F5AE7821C30  Unknown               Unknown  Unknown
libmkl_avx2.so.2   00007F59E6942CE2  mkl_blas_avx2_zge     Unknown  Unknown
forrtl: error (78): process killed (SIGTERM)
Image              PC                Routine            Line        Source             
libc.so.6          00007F597CD15C30  Unknown               Unknown  Unknown
libmkl_avx2.so.2   00007F587BE36DA6  mkl_blas_avx2_zge     Unknown  Unknown
forrtl: error (78): process killed (SIGTERM)
Image              PC                Routine            Line        Source             
libc.so.6          00007EFC9068EC30  Unknown               Unknown  Unknown
libmkl_avx2.so.2   00007EFB8F7AFAF4  mkl_blas_avx2_zge     Unknown  Unknown
forrtl: error (78): process killed (SIGTERM)
Image              PC                Routine            Line        Source             
libc.so.6          00007F86BA358C30  Unknown               Unknown  Unknown
libmkl_avx2.so.2   00007F85B9479B11  mkl_blas_avx2_zge     Unknown  Unknown
forrtl: error (78): process killed (SIGTERM)
Image              PC                Routine            Line        Source             
libc.so.6          00007F75D031FC30  Unknown               Unknown  Unknown
libmkl_avx2.so.2   00007F74CF440D27  mkl_blas_avx2_zge     Unknown  Unknown
forrtl: error (78): process killed (SIGTERM)
Image              PC                Routine            Line        Source             
libc.so.6          00007F9C36F83C30  Unknown               Unknown  Unknown
libmkl_avx2.so.2   00007F9B360A4CCD  mkl_blas_avx2_zge     Unknown  Unknown
forrtl: error (78): process killed (SIGTERM)
Image              PC                Routine            Line        Source             
libc.so.6          00007F714B82BC30  Unknown               Unknown  Unknown
libmkl_avx2.so.2   00007F704A94CD3C  mkl_blas_avx2_zge     Unknown  Unknown
forrtl: error (78): process killed (SIGTERM)
Image              PC                Routine            Line        Source             
libc.so.6          00007F7C0BE5EC30  Unknown               Unknown  Unknown
libmkl_avx2.so.2   00007F7B0AF84792  mkl_blas_avx2_zge     Unknown  Unknown
forrtl: error (78): process killed (SIGTERM)
Image              PC                Routine            Line        Source             
libc.so.6          00007F8542529C30  Unknown               Unknown  Unknown
libmkl_avx2.so.2   00007F844164ADCF  mkl_blas_avx2_zge     Unknown  Unknown
forrtl: error (78): process killed (SIGTERM)
Image              PC                Routine            Line        Source             
libc.so.6          00007F17DDD31C30  Unknown               Unknown  Unknown
libmkl_avx2.so.2   00007F16DCE52CB1  mkl_blas_avx2_zge     Unknown  Unknown
forrtl: error (78): process killed (SIGTERM)
Image              PC                Routine            Line        Source             
libc.so.6          00007F135FFD6C30  Unknown               Unknown  Unknown
libmkl_avx2.so.2   00007F125F0F7EBD  mkl_blas_avx2_zge     Unknown  Unknown
